2025-04-08 10:41:48,593 - INFO - 🚀 Starting batch enrichment process for volume bids
2025-04-08 10:41:48,616 - INFO - Found credentials from IAM Role: thesis
2025-04-08 10:41:48,972 - INFO - Successfully read generator info from s3://thesis--ec331-s3/AEMO-Participants - Sheet1.csv
2025-04-08 10:41:48,973 - INFO - Generator info shape: (532, 20)
2025-04-08 10:41:48,993 - INFO - Found credentials from IAM Role: thesis
2025-04-08 10:41:49,307 - INFO - Found credentials from IAM Role: thesis
2025-04-08 10:41:49,582 - INFO - Found 22 folders in source.
2025-04-08 10:41:49,583 - INFO - Found 15 folders already processed in output.
2025-04-08 10:41:49,584 - INFO - 8 folders remain to be processed.
2025-04-08 10:41:49,585 - INFO - Processing folder: RAISE1SEC_PUBLIC_DVD_BIDPEROFFER1_202403010000.parquet
2025-04-08 10:41:49,604 - INFO - Found credentials from IAM Role: thesis
2025-04-08 10:41:49,929 - INFO - Found credentials from IAM Role: thesis
2025-04-08 10:41:51,595 - INFO - Read 1,137,600 rows from folder RAISE1SEC_PUBLIC_DVD_BIDPEROFFER1_202403010000.parquet.
2025-04-08 10:41:51,596 - INFO - Processing 1137600 rows in 3 chunks of 500000 rows each
2025-04-08 10:41:51,833 - INFO - Processing chunk 1/3 with 500000 rows
2025-04-08 10:41:52,460 - INFO - DRY RUN: Would save chunk 1/3 to s3://thesis--ec331-s3/enriched-volume-bids/RAISE1SEC_PUBLIC_DVD_BIDPEROFFER1_202403010000.parquet/enriched_volume_bids_20250408_104151_chunk1of3.parquet
2025-04-08 10:41:52,801 - INFO - Memory usage after processing chunk 1: 7.87 GB
2025-04-08 10:41:53,037 - INFO - Processing chunk 2/3 with 500000 rows
2025-04-08 10:41:53,653 - INFO - DRY RUN: Would save chunk 2/3 to s3://thesis--ec331-s3/enriched-volume-bids/RAISE1SEC_PUBLIC_DVD_BIDPEROFFER1_202403010000.parquet/enriched_volume_bids_20250408_104151_chunk2of3.parquet
2025-04-08 10:41:53,869 - INFO - Memory usage after processing chunk 2: 8.10 GB
2025-04-08 10:41:53,935 - INFO - Processing chunk 3/3 with 137600 rows
2025-04-08 10:41:54,108 - INFO - DRY RUN: Would save chunk 3/3 to s3://thesis--ec331-s3/enriched-volume-bids/RAISE1SEC_PUBLIC_DVD_BIDPEROFFER1_202403010000.parquet/enriched_volume_bids_20250408_104151_chunk3of3.parquet
2025-04-08 10:41:54,262 - INFO - Memory usage after processing chunk 3: 8.10 GB
2025-04-08 10:41:54,445 - INFO - Completed processing folder RAISE1SEC_PUBLIC_DVD_BIDPEROFFER1_202403010000.parquet
2025-04-08 10:41:54,446 - INFO - Processing folder: RAISE1SEC_PUBLIC_DVD_BIDPEROFFER1_202404010000.parquet
2025-04-08 10:41:54,466 - INFO - Found credentials from IAM Role: thesis
2025-04-08 10:41:54,762 - INFO - Found credentials from IAM Role: thesis
2025-04-08 10:41:56,398 - INFO - Read 1,198,080 rows from folder RAISE1SEC_PUBLIC_DVD_BIDPEROFFER1_202404010000.parquet.
2025-04-08 10:41:56,399 - INFO - Processing 1198080 rows in 3 chunks of 500000 rows each
2025-04-08 10:41:56,635 - INFO - Processing chunk 1/3 with 500000 rows
2025-04-08 10:41:57,269 - INFO - DRY RUN: Would save chunk 1/3 to s3://thesis--ec331-s3/enriched-volume-bids/RAISE1SEC_PUBLIC_DVD_BIDPEROFFER1_202404010000.parquet/enriched_volume_bids_20250408_104156_chunk1of3.parquet
2025-04-08 10:41:57,523 - INFO - Memory usage after processing chunk 1: 8.09 GB
2025-04-08 10:41:57,755 - INFO - Processing chunk 2/3 with 500000 rows
2025-04-08 10:41:58,370 - INFO - DRY RUN: Would save chunk 2/3 to s3://thesis--ec331-s3/enriched-volume-bids/RAISE1SEC_PUBLIC_DVD_BIDPEROFFER1_202404010000.parquet/enriched_volume_bids_20250408_104156_chunk2of3.parquet
2025-04-08 10:41:58,582 - INFO - Memory usage after processing chunk 2: 8.06 GB
2025-04-08 10:41:58,671 - INFO - Processing chunk 3/3 with 198080 rows
2025-04-08 10:41:58,919 - INFO - DRY RUN: Would save chunk 3/3 to s3://thesis--ec331-s3/enriched-volume-bids/RAISE1SEC_PUBLIC_DVD_BIDPEROFFER1_202404010000.parquet/enriched_volume_bids_20250408_104156_chunk3of3.parquet
2025-04-08 10:41:59,081 - INFO - Memory usage after processing chunk 3: 8.05 GB
2025-04-08 10:41:59,281 - INFO - Completed processing folder RAISE1SEC_PUBLIC_DVD_BIDPEROFFER1_202404010000.parquet
2025-04-08 10:41:59,282 - INFO - Processing folder: RAISE1SEC_PUBLIC_DVD_BIDPEROFFER1_202407010000.parquet
2025-04-08 10:41:59,301 - INFO - Found credentials from IAM Role: thesis
2025-04-08 10:41:59,585 - INFO - Found credentials from IAM Role: thesis
2025-04-08 10:42:02,106 - INFO - Read 1,892,160 rows from folder RAISE1SEC_PUBLIC_DVD_BIDPEROFFER1_202407010000.parquet.
2025-04-08 10:42:02,107 - INFO - Processing 1892160 rows in 4 chunks of 500000 rows each
2025-04-08 10:42:02,355 - INFO - Processing chunk 1/4 with 500000 rows
2025-04-08 10:42:02,975 - INFO - DRY RUN: Would save chunk 1/4 to s3://thesis--ec331-s3/enriched-volume-bids/RAISE1SEC_PUBLIC_DVD_BIDPEROFFER1_202407010000.parquet/enriched_volume_bids_20250408_104202_chunk1of4.parquet
2025-04-08 10:42:03,225 - INFO - Memory usage after processing chunk 1: 8.38 GB
2025-04-08 10:42:03,480 - INFO - Processing chunk 2/4 with 500000 rows
2025-04-08 10:42:04,093 - INFO - DRY RUN: Would save chunk 2/4 to s3://thesis--ec331-s3/enriched-volume-bids/RAISE1SEC_PUBLIC_DVD_BIDPEROFFER1_202407010000.parquet/enriched_volume_bids_20250408_104202_chunk2of4.parquet
2025-04-08 10:42:04,307 - INFO - Memory usage after processing chunk 2: 8.71 GB
2025-04-08 10:42:04,550 - INFO - Processing chunk 3/4 with 500000 rows
2025-04-08 10:42:05,163 - INFO - DRY RUN: Would save chunk 3/4 to s3://thesis--ec331-s3/enriched-volume-bids/RAISE1SEC_PUBLIC_DVD_BIDPEROFFER1_202407010000.parquet/enriched_volume_bids_20250408_104202_chunk3of4.parquet
2025-04-08 10:42:05,376 - INFO - Memory usage after processing chunk 3: 8.70 GB
2025-04-08 10:42:05,568 - INFO - Processing chunk 4/4 with 392160 rows
2025-04-08 10:42:06,051 - INFO - DRY RUN: Would save chunk 4/4 to s3://thesis--ec331-s3/enriched-volume-bids/RAISE1SEC_PUBLIC_DVD_BIDPEROFFER1_202407010000.parquet/enriched_volume_bids_20250408_104202_chunk4of4.parquet
2025-04-08 10:42:06,247 - INFO - Memory usage after processing chunk 4: 8.69 GB
2025-04-08 10:42:06,528 - INFO - Completed processing folder RAISE1SEC_PUBLIC_DVD_BIDPEROFFER1_202407010000.parquet
2025-04-08 10:42:06,530 - INFO - Processing folder: RAISE1SEC_PUBLIC_DVD_BIDPEROFFER2_202403010000.parquet
2025-04-08 10:42:06,549 - INFO - Found credentials from IAM Role: thesis
2025-04-08 10:42:06,842 - INFO - Found credentials from IAM Role: thesis
2025-04-08 10:42:08,644 - INFO - Read 1,298,880 rows from folder RAISE1SEC_PUBLIC_DVD_BIDPEROFFER2_202403010000.parquet.
2025-04-08 10:42:08,645 - INFO - Processing 1298880 rows in 3 chunks of 500000 rows each
2025-04-08 10:42:08,897 - INFO - Processing chunk 1/3 with 500000 rows
2025-04-08 10:42:09,552 - INFO - DRY RUN: Would save chunk 1/3 to s3://thesis--ec331-s3/enriched-volume-bids/RAISE1SEC_PUBLIC_DVD_BIDPEROFFER2_202403010000.parquet/enriched_volume_bids_20250408_104208_chunk1of3.parquet
2025-04-08 10:42:09,805 - INFO - Memory usage after processing chunk 1: 8.66 GB
2025-04-08 10:42:10,040 - INFO - Processing chunk 2/3 with 500000 rows
2025-04-08 10:42:10,651 - INFO - DRY RUN: Would save chunk 2/3 to s3://thesis--ec331-s3/enriched-volume-bids/RAISE1SEC_PUBLIC_DVD_BIDPEROFFER2_202403010000.parquet/enriched_volume_bids_20250408_104208_chunk2of3.parquet
2025-04-08 10:42:10,866 - INFO - Memory usage after processing chunk 2: 8.64 GB
2025-04-08 10:42:11,010 - INFO - Processing chunk 3/3 with 298880 rows
2025-04-08 10:42:11,379 - INFO - DRY RUN: Would save chunk 3/3 to s3://thesis--ec331-s3/enriched-volume-bids/RAISE1SEC_PUBLIC_DVD_BIDPEROFFER2_202403010000.parquet/enriched_volume_bids_20250408_104208_chunk3of3.parquet
2025-04-08 10:42:11,556 - INFO - Memory usage after processing chunk 3: 8.82 GB
2025-04-08 10:42:11,772 - INFO - Completed processing folder RAISE1SEC_PUBLIC_DVD_BIDPEROFFER2_202403010000.parquet
2025-04-08 10:42:11,773 - INFO - Processing folder: RAISE1SEC_PUBLIC_DVD_BIDPEROFFER2_202404010000.parquet
2025-04-08 10:42:11,794 - INFO - Found credentials from IAM Role: thesis
2025-04-08 10:42:12,092 - INFO - Found credentials from IAM Role: thesis
2025-04-08 10:42:14,152 - INFO - Read 1,514,880 rows from folder RAISE1SEC_PUBLIC_DVD_BIDPEROFFER2_202404010000.parquet.
2025-04-08 10:42:14,153 - INFO - Processing 1514880 rows in 4 chunks of 500000 rows each
2025-04-08 10:42:14,397 - INFO - Processing chunk 1/4 with 500000 rows
2025-04-08 10:42:15,029 - INFO - DRY RUN: Would save chunk 1/4 to s3://thesis--ec331-s3/enriched-volume-bids/RAISE1SEC_PUBLIC_DVD_BIDPEROFFER2_202404010000.parquet/enriched_volume_bids_20250408_104214_chunk1of4.parquet
2025-04-08 10:42:15,279 - INFO - Memory usage after processing chunk 1: 8.88 GB
2025-04-08 10:42:15,512 - INFO - Processing chunk 2/4 with 500000 rows
2025-04-08 10:42:16,130 - INFO - DRY RUN: Would save chunk 2/4 to s3://thesis--ec331-s3/enriched-volume-bids/RAISE1SEC_PUBLIC_DVD_BIDPEROFFER2_202404010000.parquet/enriched_volume_bids_20250408_104214_chunk2of4.parquet
2025-04-08 10:42:16,344 - INFO - Memory usage after processing chunk 2: 8.86 GB
2025-04-08 10:42:16,580 - INFO - Processing chunk 3/4 with 500000 rows
2025-04-08 10:42:17,198 - INFO - DRY RUN: Would save chunk 3/4 to s3://thesis--ec331-s3/enriched-volume-bids/RAISE1SEC_PUBLIC_DVD_BIDPEROFFER2_202404010000.parquet/enriched_volume_bids_20250408_104214_chunk3of4.parquet
2025-04-08 10:42:17,411 - INFO - Memory usage after processing chunk 3: 8.84 GB
2025-04-08 10:42:17,418 - INFO - Processing chunk 4/4 with 14880 rows
2025-04-08 10:42:17,438 - INFO - DRY RUN: Would save chunk 4/4 to s3://thesis--ec331-s3/enriched-volume-bids/RAISE1SEC_PUBLIC_DVD_BIDPEROFFER2_202404010000.parquet/enriched_volume_bids_20250408_104214_chunk4of4.parquet
2025-04-08 10:42:17,575 - INFO - Memory usage after processing chunk 4: 8.84 GB
2025-04-08 10:42:17,808 - INFO - Completed processing folder RAISE1SEC_PUBLIC_DVD_BIDPEROFFER2_202404010000.parquet
2025-04-08 10:42:17,809 - INFO - Processing folder: RAISE1SEC_PUBLIC_DVD_BIDPEROFFER2_202405010000.parquet
2025-04-08 10:42:17,830 - INFO - Found credentials from IAM Role: thesis
2025-04-08 10:42:18,114 - INFO - Found credentials from IAM Role: thesis
2025-04-08 10:42:20,512 - INFO - Read 1,776,960 rows from folder RAISE1SEC_PUBLIC_DVD_BIDPEROFFER2_202405010000.parquet.
2025-04-08 10:42:20,513 - INFO - Processing 1776960 rows in 4 chunks of 500000 rows each
2025-04-08 10:42:20,763 - INFO - Processing chunk 1/4 with 500000 rows
2025-04-08 10:42:21,396 - INFO - DRY RUN: Would save chunk 1/4 to s3://thesis--ec331-s3/enriched-volume-bids/RAISE1SEC_PUBLIC_DVD_BIDPEROFFER2_202405010000.parquet/enriched_volume_bids_20250408_104220_chunk1of4.parquet
2025-04-08 10:42:21,646 - INFO - Memory usage after processing chunk 1: 9.64 GB
2025-04-08 10:42:21,887 - INFO - Processing chunk 2/4 with 500000 rows
2025-04-08 10:42:22,493 - INFO - DRY RUN: Would save chunk 2/4 to s3://thesis--ec331-s3/enriched-volume-bids/RAISE1SEC_PUBLIC_DVD_BIDPEROFFER2_202405010000.parquet/enriched_volume_bids_20250408_104220_chunk2of4.parquet
2025-04-08 10:42:22,705 - INFO - Memory usage after processing chunk 2: 9.60 GB
2025-04-08 10:42:22,947 - INFO - Processing chunk 3/4 with 500000 rows
2025-04-08 10:42:23,550 - INFO - DRY RUN: Would save chunk 3/4 to s3://thesis--ec331-s3/enriched-volume-bids/RAISE1SEC_PUBLIC_DVD_BIDPEROFFER2_202405010000.parquet/enriched_volume_bids_20250408_104220_chunk3of4.parquet
2025-04-08 10:42:23,761 - INFO - Memory usage after processing chunk 3: 9.57 GB
2025-04-08 10:42:23,896 - INFO - Processing chunk 4/4 with 276960 rows
2025-04-08 10:42:24,240 - INFO - DRY RUN: Would save chunk 4/4 to s3://thesis--ec331-s3/enriched-volume-bids/RAISE1SEC_PUBLIC_DVD_BIDPEROFFER2_202405010000.parquet/enriched_volume_bids_20250408_104220_chunk4of4.parquet
2025-04-08 10:42:24,414 - INFO - Memory usage after processing chunk 4: 9.54 GB
2025-04-08 10:42:24,685 - INFO - Completed processing folder RAISE1SEC_PUBLIC_DVD_BIDPEROFFER2_202405010000.parquet
2025-04-08 10:42:24,686 - INFO - Processing folder: RAISE1SEC_PUBLIC_DVD_BIDPEROFFER2_202406010000.parquet
2025-04-08 10:42:24,706 - INFO - Found credentials from IAM Role: thesis
2025-04-08 10:42:25,004 - INFO - Found credentials from IAM Role: thesis
2025-04-08 10:42:27,428 - INFO - Read 1,823,040 rows from folder RAISE1SEC_PUBLIC_DVD_BIDPEROFFER2_202406010000.parquet.
2025-04-08 10:42:27,429 - INFO - Processing 1823040 rows in 4 chunks of 500000 rows each
2025-04-08 10:42:27,696 - INFO - Processing chunk 1/4 with 500000 rows
2025-04-08 10:42:28,322 - INFO - DRY RUN: Would save chunk 1/4 to s3://thesis--ec331-s3/enriched-volume-bids/RAISE1SEC_PUBLIC_DVD_BIDPEROFFER2_202406010000.parquet/enriched_volume_bids_20250408_104227_chunk1of4.parquet
2025-04-08 10:42:28,550 - INFO - Memory usage after processing chunk 1: 9.18 GB
2025-04-08 10:42:28,788 - INFO - Processing chunk 2/4 with 500000 rows
2025-04-08 10:42:29,375 - INFO - DRY RUN: Would save chunk 2/4 to s3://thesis--ec331-s3/enriched-volume-bids/RAISE1SEC_PUBLIC_DVD_BIDPEROFFER2_202406010000.parquet/enriched_volume_bids_20250408_104227_chunk2of4.parquet
2025-04-08 10:42:29,575 - INFO - Memory usage after processing chunk 2: 9.28 GB
2025-04-08 10:42:29,806 - INFO - Processing chunk 3/4 with 500000 rows
2025-04-08 10:42:30,389 - INFO - DRY RUN: Would save chunk 3/4 to s3://thesis--ec331-s3/enriched-volume-bids/RAISE1SEC_PUBLIC_DVD_BIDPEROFFER2_202406010000.parquet/enriched_volume_bids_20250408_104227_chunk3of4.parquet
2025-04-08 10:42:30,588 - INFO - Memory usage after processing chunk 3: 9.23 GB
2025-04-08 10:42:30,737 - INFO - Processing chunk 4/4 with 323040 rows
2025-04-08 10:42:31,124 - INFO - DRY RUN: Would save chunk 4/4 to s3://thesis--ec331-s3/enriched-volume-bids/RAISE1SEC_PUBLIC_DVD_BIDPEROFFER2_202406010000.parquet/enriched_volume_bids_20250408_104227_chunk4of4.parquet
2025-04-08 10:42:31,298 - INFO - Memory usage after processing chunk 4: 9.16 GB
2025-04-08 10:42:31,559 - INFO - Completed processing folder RAISE1SEC_PUBLIC_DVD_BIDPEROFFER2_202406010000.parquet
2025-04-08 10:42:31,559 - INFO - Processing folder: RAISE1SEC_PUBLIC_DVD_BIDPEROFFER2_202407010000.parquet
2025-04-08 10:42:31,577 - INFO - Found credentials from IAM Role: thesis
2025-04-08 10:42:31,859 - INFO - Found credentials from IAM Role: thesis
2025-04-08 10:42:34,666 - INFO - Read 2,208,960 rows from folder RAISE1SEC_PUBLIC_DVD_BIDPEROFFER2_202407010000.parquet.
2025-04-08 10:42:34,667 - INFO - Processing 2208960 rows in 5 chunks of 500000 rows each
2025-04-08 10:42:34,904 - INFO - Processing chunk 1/5 with 500000 rows
2025-04-08 10:42:35,503 - INFO - DRY RUN: Would save chunk 1/5 to s3://thesis--ec331-s3/enriched-volume-bids/RAISE1SEC_PUBLIC_DVD_BIDPEROFFER2_202407010000.parquet/enriched_volume_bids_20250408_104234_chunk1of5.parquet
2025-04-08 10:42:35,726 - INFO - Memory usage after processing chunk 1: 9.59 GB
2025-04-08 10:42:35,957 - INFO - Processing chunk 2/5 with 500000 rows
2025-04-08 10:42:36,542 - INFO - DRY RUN: Would save chunk 2/5 to s3://thesis--ec331-s3/enriched-volume-bids/RAISE1SEC_PUBLIC_DVD_BIDPEROFFER2_202407010000.parquet/enriched_volume_bids_20250408_104234_chunk2of5.parquet
2025-04-08 10:42:36,741 - INFO - Memory usage after processing chunk 2: 9.43 GB
2025-04-08 10:42:36,974 - INFO - Processing chunk 3/5 with 500000 rows
2025-04-08 10:42:37,564 - INFO - DRY RUN: Would save chunk 3/5 to s3://thesis--ec331-s3/enriched-volume-bids/RAISE1SEC_PUBLIC_DVD_BIDPEROFFER2_202407010000.parquet/enriched_volume_bids_20250408_104234_chunk3of5.parquet
2025-04-08 10:42:37,763 - INFO - Memory usage after processing chunk 3: 9.58 GB
2025-04-08 10:42:37,993 - INFO - Processing chunk 4/5 with 500000 rows
2025-04-08 10:42:38,577 - INFO - DRY RUN: Would save chunk 4/5 to s3://thesis--ec331-s3/enriched-volume-bids/RAISE1SEC_PUBLIC_DVD_BIDPEROFFER2_202407010000.parquet/enriched_volume_bids_20250408_104234_chunk4of5.parquet
2025-04-08 10:42:38,774 - INFO - Memory usage after processing chunk 4: 9.66 GB
2025-04-08 10:42:38,870 - INFO - Processing chunk 5/5 with 208960 rows
2025-04-08 10:42:39,117 - INFO - DRY RUN: Would save chunk 5/5 to s3://thesis--ec331-s3/enriched-volume-bids/RAISE1SEC_PUBLIC_DVD_BIDPEROFFER2_202407010000.parquet/enriched_volume_bids_20250408_104234_chunk5of5.parquet
2025-04-08 10:42:39,275 - INFO - Memory usage after processing chunk 5: 9.61 GB
2025-04-08 10:42:39,576 - INFO - Completed processing folder RAISE1SEC_PUBLIC_DVD_BIDPEROFFER2_202407010000.parquet
2025-04-08 10:42:39,577 - INFO - 🏁 Finished batch enrichment process for volume bids.
2025-04-08 10:49:36,429 - INFO - 🚀 Starting batch enrichment process for volume bids
2025-04-08 10:49:36,448 - INFO - Found credentials from IAM Role: thesis
2025-04-08 10:49:36,806 - INFO - Successfully read generator info from s3://thesis--ec331-s3/AEMO-Participants - Sheet1.csv
2025-04-08 10:49:36,807 - INFO - Generator info shape: (532, 20)
2025-04-08 10:49:36,826 - INFO - Found credentials from IAM Role: thesis
2025-04-08 10:49:37,112 - INFO - Found credentials from IAM Role: thesis
2025-04-08 10:49:37,371 - INFO - Found 22 folders in source.
2025-04-08 10:49:37,372 - INFO - Found 15 folders already processed in output.
2025-04-08 10:49:37,372 - INFO - 8 folders remain to be processed.
2025-04-08 10:49:37,373 - INFO - Processing folder: RAISE1SEC_PUBLIC_DVD_BIDPEROFFER1_202403010000.parquet
2025-04-08 10:49:37,392 - INFO - Found credentials from IAM Role: thesis
2025-04-08 10:49:37,690 - INFO - Found credentials from IAM Role: thesis
2025-04-08 10:49:39,224 - INFO - Read 1,137,600 rows from folder RAISE1SEC_PUBLIC_DVD_BIDPEROFFER1_202403010000.parquet.
2025-04-08 10:49:39,225 - INFO - Processing 1137600 rows in 3 chunks of 500000 rows each
2025-04-08 10:49:39,451 - INFO - Processing chunk 1/3 with 500000 rows
2025-04-08 10:49:40,069 - INFO - Found credentials from IAM Role: thesis
2025-04-08 10:49:41,980 - INFO - ✓ Chunk 1/3 saved to s3://thesis--ec331-s3/enriched-volume-bids/RAISE1SEC_PUBLIC_DVD_BIDPEROFFER1_202403010000.parquet/enriched_volume_bids_20250408_104939_chunk1of3.parquet in 1.93 seconds
2025-04-08 10:49:42,338 - INFO - Memory usage after processing chunk 1: 7.72 GB
2025-04-08 10:49:42,560 - INFO - Processing chunk 2/3 with 500000 rows
2025-04-08 10:49:43,168 - INFO - Found credentials from IAM Role: thesis
2025-04-08 10:49:45,063 - INFO - ✓ Chunk 2/3 saved to s3://thesis--ec331-s3/enriched-volume-bids/RAISE1SEC_PUBLIC_DVD_BIDPEROFFER1_202403010000.parquet/enriched_volume_bids_20250408_104939_chunk2of3.parquet in 1.91 seconds
2025-04-08 10:49:45,289 - INFO - Memory usage after processing chunk 2: 7.79 GB
2025-04-08 10:49:45,350 - INFO - Processing chunk 3/3 with 137600 rows
2025-04-08 10:49:45,531 - INFO - Found credentials from IAM Role: thesis
2025-04-08 10:49:46,273 - INFO - ✓ Chunk 3/3 saved to s3://thesis--ec331-s3/enriched-volume-bids/RAISE1SEC_PUBLIC_DVD_BIDPEROFFER1_202403010000.parquet/enriched_volume_bids_20250408_104939_chunk3of3.parquet in 0.76 seconds
2025-04-08 10:49:46,441 - INFO - Memory usage after processing chunk 3: 7.83 GB
2025-04-08 10:49:46,620 - INFO - Completed processing folder RAISE1SEC_PUBLIC_DVD_BIDPEROFFER1_202403010000.parquet
2025-04-08 10:49:46,621 - INFO - Processing folder: RAISE1SEC_PUBLIC_DVD_BIDPEROFFER1_202404010000.parquet
2025-04-08 10:49:46,640 - INFO - Found credentials from IAM Role: thesis
2025-04-08 10:49:46,916 - INFO - Found credentials from IAM Role: thesis
2025-04-08 10:49:48,496 - INFO - Read 1,198,080 rows from folder RAISE1SEC_PUBLIC_DVD_BIDPEROFFER1_202404010000.parquet.
2025-04-08 10:49:48,497 - INFO - Processing 1198080 rows in 3 chunks of 500000 rows each
2025-04-08 10:49:48,716 - INFO - Processing chunk 1/3 with 500000 rows
2025-04-08 10:49:49,338 - INFO - Found credentials from IAM Role: thesis
2025-04-08 10:49:51,293 - INFO - ✓ Chunk 1/3 saved to s3://thesis--ec331-s3/enriched-volume-bids/RAISE1SEC_PUBLIC_DVD_BIDPEROFFER1_202404010000.parquet/enriched_volume_bids_20250408_104948_chunk1of3.parquet in 1.97 seconds
2025-04-08 10:49:51,543 - INFO - Memory usage after processing chunk 1: 7.96 GB
2025-04-08 10:49:51,725 - INFO - Processing chunk 2/3 with 500000 rows
2025-04-08 10:49:52,331 - INFO - Found credentials from IAM Role: thesis
2025-04-08 10:49:54,264 - INFO - ✓ Chunk 2/3 saved to s3://thesis--ec331-s3/enriched-volume-bids/RAISE1SEC_PUBLIC_DVD_BIDPEROFFER1_202404010000.parquet/enriched_volume_bids_20250408_104948_chunk2of3.parquet in 1.95 seconds
2025-04-08 10:49:54,480 - INFO - Memory usage after processing chunk 2: 7.97 GB
2025-04-08 10:49:54,546 - INFO - Processing chunk 3/3 with 198080 rows
2025-04-08 10:49:54,793 - INFO - Found credentials from IAM Role: thesis
2025-04-08 10:49:55,725 - INFO - ✓ Chunk 3/3 saved to s3://thesis--ec331-s3/enriched-volume-bids/RAISE1SEC_PUBLIC_DVD_BIDPEROFFER1_202404010000.parquet/enriched_volume_bids_20250408_104948_chunk3of3.parquet in 0.95 seconds
2025-04-08 10:49:55,904 - INFO - Memory usage after processing chunk 3: 7.85 GB
2025-04-08 10:49:56,094 - INFO - Completed processing folder RAISE1SEC_PUBLIC_DVD_BIDPEROFFER1_202404010000.parquet
2025-04-08 10:49:56,094 - INFO - Processing folder: RAISE1SEC_PUBLIC_DVD_BIDPEROFFER1_202407010000.parquet
2025-04-08 10:49:56,112 - INFO - Found credentials from IAM Role: thesis
2025-04-08 10:49:56,384 - INFO - Found credentials from IAM Role: thesis
2025-04-08 10:49:58,719 - INFO - Read 1,892,160 rows from folder RAISE1SEC_PUBLIC_DVD_BIDPEROFFER1_202407010000.parquet.
2025-04-08 10:49:58,720 - INFO - Processing 1892160 rows in 4 chunks of 500000 rows each
2025-04-08 10:49:58,949 - INFO - Processing chunk 1/4 with 500000 rows
2025-04-08 10:49:59,567 - INFO - Found credentials from IAM Role: thesis
2025-04-08 10:50:01,526 - INFO - ✓ Chunk 1/4 saved to s3://thesis--ec331-s3/enriched-volume-bids/RAISE1SEC_PUBLIC_DVD_BIDPEROFFER1_202407010000.parquet/enriched_volume_bids_20250408_104958_chunk1of4.parquet in 1.98 seconds
2025-04-08 10:50:01,782 - INFO - Memory usage after processing chunk 1: 8.49 GB
2025-04-08 10:50:02,006 - INFO - Processing chunk 2/4 with 500000 rows
2025-04-08 10:50:02,608 - INFO - Found credentials from IAM Role: thesis
2025-04-08 10:50:04,571 - INFO - ✓ Chunk 2/4 saved to s3://thesis--ec331-s3/enriched-volume-bids/RAISE1SEC_PUBLIC_DVD_BIDPEROFFER1_202407010000.parquet/enriched_volume_bids_20250408_104958_chunk2of4.parquet in 1.98 seconds
2025-04-08 10:50:04,795 - INFO - Memory usage after processing chunk 2: 8.23 GB
2025-04-08 10:50:05,024 - INFO - Processing chunk 3/4 with 500000 rows
2025-04-08 10:50:05,626 - INFO - Found credentials from IAM Role: thesis
2025-04-08 10:50:07,556 - INFO - ✓ Chunk 3/4 saved to s3://thesis--ec331-s3/enriched-volume-bids/RAISE1SEC_PUBLIC_DVD_BIDPEROFFER1_202407010000.parquet/enriched_volume_bids_20250408_104958_chunk3of4.parquet in 1.95 seconds
2025-04-08 10:50:07,786 - INFO - Memory usage after processing chunk 3: 8.30 GB
2025-04-08 10:50:07,966 - INFO - Processing chunk 4/4 with 392160 rows
2025-04-08 10:50:08,458 - INFO - Found credentials from IAM Role: thesis
2025-04-08 10:50:10,030 - INFO - ✓ Chunk 4/4 saved to s3://thesis--ec331-s3/enriched-volume-bids/RAISE1SEC_PUBLIC_DVD_BIDPEROFFER1_202407010000.parquet/enriched_volume_bids_20250408_104958_chunk4of4.parquet in 1.59 seconds
2025-04-08 10:50:10,253 - INFO - Memory usage after processing chunk 4: 8.36 GB
2025-04-08 10:50:10,515 - INFO - Completed processing folder RAISE1SEC_PUBLIC_DVD_BIDPEROFFER1_202407010000.parquet
2025-04-08 10:50:10,516 - INFO - Processing folder: RAISE1SEC_PUBLIC_DVD_BIDPEROFFER2_202403010000.parquet
2025-04-08 10:50:10,533 - INFO - Found credentials from IAM Role: thesis
2025-04-08 10:50:10,807 - INFO - Found credentials from IAM Role: thesis
2025-04-08 10:50:12,476 - INFO - Read 1,298,880 rows from folder RAISE1SEC_PUBLIC_DVD_BIDPEROFFER2_202403010000.parquet.
2025-04-08 10:50:12,477 - INFO - Processing 1298880 rows in 3 chunks of 500000 rows each
2025-04-08 10:50:12,686 - INFO - Processing chunk 1/3 with 500000 rows
2025-04-08 10:50:13,314 - INFO - Found credentials from IAM Role: thesis
2025-04-08 10:50:15,240 - INFO - ✓ Chunk 1/3 saved to s3://thesis--ec331-s3/enriched-volume-bids/RAISE1SEC_PUBLIC_DVD_BIDPEROFFER2_202403010000.parquet/enriched_volume_bids_20250408_105012_chunk1of3.parquet in 1.94 seconds
2025-04-08 10:50:15,499 - INFO - Memory usage after processing chunk 1: 8.07 GB
2025-04-08 10:50:15,725 - INFO - Processing chunk 2/3 with 500000 rows
2025-04-08 10:50:16,333 - INFO - Found credentials from IAM Role: thesis
2025-04-08 10:50:18,215 - INFO - ✓ Chunk 2/3 saved to s3://thesis--ec331-s3/enriched-volume-bids/RAISE1SEC_PUBLIC_DVD_BIDPEROFFER2_202403010000.parquet/enriched_volume_bids_20250408_105012_chunk2of3.parquet in 1.90 seconds
2025-04-08 10:50:18,442 - INFO - Memory usage after processing chunk 2: 8.14 GB
2025-04-08 10:50:18,577 - INFO - Processing chunk 3/3 with 298880 rows
2025-04-08 10:50:18,940 - INFO - Found credentials from IAM Role: thesis
2025-04-08 10:50:20,188 - INFO - ✓ Chunk 3/3 saved to s3://thesis--ec331-s3/enriched-volume-bids/RAISE1SEC_PUBLIC_DVD_BIDPEROFFER2_202403010000.parquet/enriched_volume_bids_20250408_105012_chunk3of3.parquet in 1.27 seconds
2025-04-08 10:50:20,377 - INFO - Memory usage after processing chunk 3: 8.10 GB
2025-04-08 10:50:20,576 - INFO - Completed processing folder RAISE1SEC_PUBLIC_DVD_BIDPEROFFER2_202403010000.parquet
2025-04-08 10:50:20,577 - INFO - Processing folder: RAISE1SEC_PUBLIC_DVD_BIDPEROFFER2_202404010000.parquet
2025-04-08 10:50:20,596 - INFO - Found credentials from IAM Role: thesis
2025-04-08 10:50:20,861 - INFO - Found credentials from IAM Role: thesis
2025-04-08 10:50:22,752 - INFO - Read 1,514,880 rows from folder RAISE1SEC_PUBLIC_DVD_BIDPEROFFER2_202404010000.parquet.
2025-04-08 10:50:22,753 - INFO - Processing 1514880 rows in 4 chunks of 500000 rows each
2025-04-08 10:50:22,981 - INFO - Processing chunk 1/4 with 500000 rows
2025-04-08 10:50:23,608 - INFO - Found credentials from IAM Role: thesis
2025-04-08 10:50:25,565 - INFO - ✓ Chunk 1/4 saved to s3://thesis--ec331-s3/enriched-volume-bids/RAISE1SEC_PUBLIC_DVD_BIDPEROFFER2_202404010000.parquet/enriched_volume_bids_20250408_105022_chunk1of4.parquet in 1.97 seconds
2025-04-08 10:50:25,823 - INFO - Memory usage after processing chunk 1: 8.19 GB
2025-04-08 10:50:26,018 - INFO - Processing chunk 2/4 with 500000 rows
2025-04-08 10:50:26,641 - INFO - Found credentials from IAM Role: thesis
2025-04-08 10:50:28,568 - INFO - ✓ Chunk 2/4 saved to s3://thesis--ec331-s3/enriched-volume-bids/RAISE1SEC_PUBLIC_DVD_BIDPEROFFER2_202404010000.parquet/enriched_volume_bids_20250408_105022_chunk2of4.parquet in 1.94 seconds
2025-04-08 10:50:28,789 - INFO - Memory usage after processing chunk 2: 8.25 GB
2025-04-08 10:50:28,972 - INFO - Processing chunk 3/4 with 500000 rows
2025-04-08 10:50:29,589 - INFO - Found credentials from IAM Role: thesis
2025-04-08 10:50:31,512 - INFO - ✓ Chunk 3/4 saved to s3://thesis--ec331-s3/enriched-volume-bids/RAISE1SEC_PUBLIC_DVD_BIDPEROFFER2_202404010000.parquet/enriched_volume_bids_20250408_105022_chunk3of4.parquet in 1.94 seconds
2025-04-08 10:50:31,732 - INFO - Memory usage after processing chunk 3: 8.26 GB
2025-04-08 10:50:31,739 - INFO - Processing chunk 4/4 with 14880 rows
2025-04-08 10:50:31,775 - INFO - Found credentials from IAM Role: thesis
2025-04-08 10:50:32,119 - INFO - ✓ Chunk 4/4 saved to s3://thesis--ec331-s3/enriched-volume-bids/RAISE1SEC_PUBLIC_DVD_BIDPEROFFER2_202404010000.parquet/enriched_volume_bids_20250408_105022_chunk4of4.parquet in 0.36 seconds
2025-04-08 10:50:32,272 - INFO - Memory usage after processing chunk 4: 8.23 GB
2025-04-08 10:50:32,493 - INFO - Completed processing folder RAISE1SEC_PUBLIC_DVD_BIDPEROFFER2_202404010000.parquet
2025-04-08 10:50:32,494 - INFO - Processing folder: RAISE1SEC_PUBLIC_DVD_BIDPEROFFER2_202405010000.parquet
2025-04-08 10:50:32,512 - INFO - Found credentials from IAM Role: thesis
2025-04-08 10:50:32,787 - INFO - Found credentials from IAM Role: thesis
2025-04-08 10:50:34,989 - INFO - Read 1,776,960 rows from folder RAISE1SEC_PUBLIC_DVD_BIDPEROFFER2_202405010000.parquet.
2025-04-08 10:50:34,990 - INFO - Processing 1776960 rows in 4 chunks of 500000 rows each
2025-04-08 10:50:35,224 - INFO - Processing chunk 1/4 with 500000 rows
2025-04-08 10:50:35,861 - INFO - Found credentials from IAM Role: thesis
2025-04-08 10:50:37,816 - INFO - ✓ Chunk 1/4 saved to s3://thesis--ec331-s3/enriched-volume-bids/RAISE1SEC_PUBLIC_DVD_BIDPEROFFER2_202405010000.parquet/enriched_volume_bids_20250408_105034_chunk1of4.parquet in 1.97 seconds
2025-04-08 10:50:38,078 - INFO - Memory usage after processing chunk 1: 8.25 GB
2025-04-08 10:50:38,301 - INFO - Processing chunk 2/4 with 500000 rows
2025-04-08 10:50:38,907 - INFO - Found credentials from IAM Role: thesis
2025-04-08 10:50:40,879 - INFO - ✓ Chunk 2/4 saved to s3://thesis--ec331-s3/enriched-volume-bids/RAISE1SEC_PUBLIC_DVD_BIDPEROFFER2_202405010000.parquet/enriched_volume_bids_20250408_105034_chunk2of4.parquet in 1.99 seconds
2025-04-08 10:50:41,106 - INFO - Memory usage after processing chunk 2: 8.29 GB
2025-04-08 10:50:41,329 - INFO - Processing chunk 3/4 with 500000 rows
2025-04-08 10:50:41,942 - INFO - Found credentials from IAM Role: thesis
2025-04-08 10:50:44,052 - INFO - ✓ Chunk 3/4 saved to s3://thesis--ec331-s3/enriched-volume-bids/RAISE1SEC_PUBLIC_DVD_BIDPEROFFER2_202405010000.parquet/enriched_volume_bids_20250408_105034_chunk3of4.parquet in 2.13 seconds
2025-04-08 10:50:44,278 - INFO - Memory usage after processing chunk 3: 8.34 GB
2025-04-08 10:50:44,392 - INFO - Processing chunk 4/4 with 276960 rows
2025-04-08 10:50:44,736 - INFO - Found credentials from IAM Role: thesis
2025-04-08 10:50:45,939 - INFO - ✓ Chunk 4/4 saved to s3://thesis--ec331-s3/enriched-volume-bids/RAISE1SEC_PUBLIC_DVD_BIDPEROFFER2_202405010000.parquet/enriched_volume_bids_20250408_105034_chunk4of4.parquet in 1.22 seconds
2025-04-08 10:50:46,131 - INFO - Memory usage after processing chunk 4: 8.32 GB
2025-04-08 10:50:46,378 - INFO - Completed processing folder RAISE1SEC_PUBLIC_DVD_BIDPEROFFER2_202405010000.parquet
2025-04-08 10:50:46,379 - INFO - Processing folder: RAISE1SEC_PUBLIC_DVD_BIDPEROFFER2_202406010000.parquet
2025-04-08 10:50:46,398 - INFO - Found credentials from IAM Role: thesis
2025-04-08 10:50:46,667 - INFO - Found credentials from IAM Role: thesis
2025-04-08 10:50:48,938 - INFO - Read 1,823,040 rows from folder RAISE1SEC_PUBLIC_DVD_BIDPEROFFER2_202406010000.parquet.
2025-04-08 10:50:48,939 - INFO - Processing 1823040 rows in 4 chunks of 500000 rows each
2025-04-08 10:50:49,170 - INFO - Processing chunk 1/4 with 500000 rows
2025-04-08 10:50:49,784 - INFO - Found credentials from IAM Role: thesis
2025-04-08 10:50:51,728 - INFO - ✓ Chunk 1/4 saved to s3://thesis--ec331-s3/enriched-volume-bids/RAISE1SEC_PUBLIC_DVD_BIDPEROFFER2_202406010000.parquet/enriched_volume_bids_20250408_105048_chunk1of4.parquet in 1.96 seconds
2025-04-08 10:50:51,985 - INFO - Memory usage after processing chunk 1: 8.54 GB
2025-04-08 10:50:52,210 - INFO - Processing chunk 2/4 with 500000 rows
2025-04-08 10:50:52,815 - INFO - Found credentials from IAM Role: thesis
2025-04-08 10:50:54,755 - INFO - ✓ Chunk 2/4 saved to s3://thesis--ec331-s3/enriched-volume-bids/RAISE1SEC_PUBLIC_DVD_BIDPEROFFER2_202406010000.parquet/enriched_volume_bids_20250408_105048_chunk2of4.parquet in 1.96 seconds
2025-04-08 10:50:54,980 - INFO - Memory usage after processing chunk 2: 8.57 GB
2025-04-08 10:50:55,205 - INFO - Processing chunk 3/4 with 500000 rows
2025-04-08 10:50:55,809 - INFO - Found credentials from IAM Role: thesis
2025-04-08 10:50:57,729 - INFO - ✓ Chunk 3/4 saved to s3://thesis--ec331-s3/enriched-volume-bids/RAISE1SEC_PUBLIC_DVD_BIDPEROFFER2_202406010000.parquet/enriched_volume_bids_20250408_105048_chunk3of4.parquet in 1.94 seconds
2025-04-08 10:50:57,958 - INFO - Memory usage after processing chunk 3: 8.26 GB
2025-04-08 10:50:58,101 - INFO - Processing chunk 4/4 with 323040 rows
2025-04-08 10:50:58,507 - INFO - Found credentials from IAM Role: thesis
2025-04-08 10:50:59,857 - INFO - ✓ Chunk 4/4 saved to s3://thesis--ec331-s3/enriched-volume-bids/RAISE1SEC_PUBLIC_DVD_BIDPEROFFER2_202406010000.parquet/enriched_volume_bids_20250408_105048_chunk4of4.parquet in 1.37 seconds
2025-04-08 10:51:00,056 - INFO - Memory usage after processing chunk 4: 8.25 GB
2025-04-08 10:51:00,306 - INFO - Completed processing folder RAISE1SEC_PUBLIC_DVD_BIDPEROFFER2_202406010000.parquet
2025-04-08 10:51:00,307 - INFO - Processing folder: RAISE1SEC_PUBLIC_DVD_BIDPEROFFER2_202407010000.parquet
2025-04-08 10:51:00,325 - INFO - Found credentials from IAM Role: thesis
2025-04-08 10:51:00,598 - INFO - Found credentials from IAM Role: thesis
2025-04-08 10:51:03,340 - INFO - Read 2,208,960 rows from folder RAISE1SEC_PUBLIC_DVD_BIDPEROFFER2_202407010000.parquet.
2025-04-08 10:51:03,341 - INFO - Processing 2208960 rows in 5 chunks of 500000 rows each
2025-04-08 10:51:03,564 - INFO - Processing chunk 1/5 with 500000 rows
2025-04-08 10:51:04,184 - INFO - Found credentials from IAM Role: thesis
2025-04-08 10:51:06,214 - INFO - ✓ Chunk 1/5 saved to s3://thesis--ec331-s3/enriched-volume-bids/RAISE1SEC_PUBLIC_DVD_BIDPEROFFER2_202407010000.parquet/enriched_volume_bids_20250408_105103_chunk1of5.parquet in 2.05 seconds
2025-04-08 10:51:06,469 - INFO - Memory usage after processing chunk 1: 8.82 GB
2025-04-08 10:51:06,689 - INFO - Processing chunk 2/5 with 500000 rows
2025-04-08 10:51:07,292 - INFO - Found credentials from IAM Role: thesis
2025-04-08 10:51:09,299 - INFO - ✓ Chunk 2/5 saved to s3://thesis--ec331-s3/enriched-volume-bids/RAISE1SEC_PUBLIC_DVD_BIDPEROFFER2_202407010000.parquet/enriched_volume_bids_20250408_105103_chunk2of5.parquet in 2.02 seconds
2025-04-08 10:51:09,523 - INFO - Memory usage after processing chunk 2: 8.74 GB
2025-04-08 10:51:09,743 - INFO - Processing chunk 3/5 with 500000 rows
2025-04-08 10:51:10,355 - INFO - Found credentials from IAM Role: thesis
2025-04-08 10:51:12,341 - INFO - ✓ Chunk 3/5 saved to s3://thesis--ec331-s3/enriched-volume-bids/RAISE1SEC_PUBLIC_DVD_BIDPEROFFER2_202407010000.parquet/enriched_volume_bids_20250408_105103_chunk3of5.parquet in 2.00 seconds
2025-04-08 10:51:12,567 - INFO - Memory usage after processing chunk 3: 8.72 GB
2025-04-08 10:51:12,789 - INFO - Processing chunk 4/5 with 500000 rows
2025-04-08 10:51:13,399 - INFO - Found credentials from IAM Role: thesis
2025-04-08 10:51:15,391 - INFO - ✓ Chunk 4/5 saved to s3://thesis--ec331-s3/enriched-volume-bids/RAISE1SEC_PUBLIC_DVD_BIDPEROFFER2_202407010000.parquet/enriched_volume_bids_20250408_105103_chunk4of5.parquet in 2.01 seconds
2025-04-08 10:51:15,618 - INFO - Memory usage after processing chunk 4: 8.79 GB
2025-04-08 10:51:15,698 - INFO - Processing chunk 5/5 with 208960 rows
2025-04-08 10:51:15,958 - INFO - Found credentials from IAM Role: thesis
2025-04-08 10:51:16,951 - INFO - ✓ Chunk 5/5 saved to s3://thesis--ec331-s3/enriched-volume-bids/RAISE1SEC_PUBLIC_DVD_BIDPEROFFER2_202407010000.parquet/enriched_volume_bids_20250408_105103_chunk5of5.parquet in 1.01 seconds
2025-04-08 10:51:17,131 - INFO - Memory usage after processing chunk 5: 8.73 GB
2025-04-08 10:51:17,427 - INFO - Completed processing folder RAISE1SEC_PUBLIC_DVD_BIDPEROFFER2_202407010000.parquet
2025-04-08 10:51:17,428 - INFO - 🏁 Finished batch enrichment process for volume bids.
2025-04-08 10:55:39,815 - ERROR - No such comm target registered: jupyter.widget.control
2025-04-08 10:55:39,819 - WARNING - No such comm: cf219b11-2de9-4be8-8fa5-5e99665e3ff2
2025-04-08 10:55:43,803 - INFO - 🚀 Starting batch enrichment process for volume bids
2025-04-08 10:55:43,822 - INFO - Found credentials from IAM Role: thesis
2025-04-08 10:55:44,148 - INFO - Successfully read generator info from s3://thesis--ec331-s3/AEMO-Participants - Sheet1.csv
2025-04-08 10:55:44,149 - INFO - Generator info shape: (532, 20)
2025-04-08 10:55:44,168 - INFO - Found credentials from IAM Role: thesis
2025-04-08 10:55:44,458 - INFO - Found credentials from IAM Role: thesis
2025-04-08 10:55:44,718 - INFO - Found 22 folders in source.
2025-04-08 10:55:44,720 - INFO - Found 0 folders already processed in output.
2025-04-08 10:55:44,720 - INFO - 22 folders remain to be processed.
2025-04-08 10:55:44,721 - INFO - Processing folder: RAISE1SEC_PUBLIC_ARCHIVE#BIDPEROFFER_D#FILE01#202408010000.parquet
2025-04-08 10:55:44,741 - INFO - Found credentials from IAM Role: thesis
2025-04-08 10:55:45,030 - INFO - Found credentials from IAM Role: thesis
2025-04-08 10:55:52,378 - INFO - Read 4,659,470 rows from folder RAISE1SEC_PUBLIC_ARCHIVE#BIDPEROFFER_D#FILE01#202408010000.parquet.
2025-04-08 10:55:52,379 - INFO - Processing 4659470 rows in 10 chunks of 500000 rows each
2025-04-08 10:55:52,665 - INFO - Processing chunk 1/10 with 500000 rows
2025-04-08 10:55:53,524 - INFO - Found credentials from IAM Role: thesis
2025-04-08 10:55:55,963 - INFO - ✓ Chunk 1/10 saved to s3://thesis--ec331-s3/enriched-volume-bids/RAISE1SEC_PUBLIC_ARCHIVE#BIDPEROFFER_D#FILE01#202408010000.parquet/enriched_volume_bids_20250408_105552_chunk1of10.parquet in 2.46 seconds
2025-04-08 10:55:56,343 - INFO - Memory usage after processing chunk 1: 10.57 GB
2025-04-08 10:55:56,611 - INFO - Processing chunk 2/10 with 500000 rows
2025-04-08 10:55:57,395 - INFO - Found credentials from IAM Role: thesis
2025-04-08 10:55:59,853 - INFO - ✓ Chunk 2/10 saved to s3://thesis--ec331-s3/enriched-volume-bids/RAISE1SEC_PUBLIC_ARCHIVE#BIDPEROFFER_D#FILE01#202408010000.parquet/enriched_volume_bids_20250408_105552_chunk2of10.parquet in 2.48 seconds
2025-04-08 10:56:00,096 - INFO - Memory usage after processing chunk 2: 10.54 GB
2025-04-08 10:56:00,364 - INFO - Processing chunk 3/10 with 500000 rows
2025-04-08 10:56:01,152 - INFO - Found credentials from IAM Role: thesis
2025-04-08 10:56:03,610 - INFO - ✓ Chunk 3/10 saved to s3://thesis--ec331-s3/enriched-volume-bids/RAISE1SEC_PUBLIC_ARCHIVE#BIDPEROFFER_D#FILE01#202408010000.parquet/enriched_volume_bids_20250408_105552_chunk3of10.parquet in 2.47 seconds
2025-04-08 10:56:03,852 - INFO - Memory usage after processing chunk 3: 10.61 GB
2025-04-08 10:56:04,117 - INFO - Processing chunk 4/10 with 500000 rows
2025-04-08 10:56:04,897 - INFO - Found credentials from IAM Role: thesis
2025-04-08 10:56:07,347 - INFO - ✓ Chunk 4/10 saved to s3://thesis--ec331-s3/enriched-volume-bids/RAISE1SEC_PUBLIC_ARCHIVE#BIDPEROFFER_D#FILE01#202408010000.parquet/enriched_volume_bids_20250408_105552_chunk4of10.parquet in 2.47 seconds
2025-04-08 10:56:07,590 - INFO - Memory usage after processing chunk 4: 10.70 GB
2025-04-08 10:56:07,854 - INFO - Processing chunk 5/10 with 500000 rows
2025-04-08 10:56:08,636 - INFO - Found credentials from IAM Role: thesis
2025-04-08 10:56:11,143 - INFO - ✓ Chunk 5/10 saved to s3://thesis--ec331-s3/enriched-volume-bids/RAISE1SEC_PUBLIC_ARCHIVE#BIDPEROFFER_D#FILE01#202408010000.parquet/enriched_volume_bids_20250408_105552_chunk5of10.parquet in 2.52 seconds
2025-04-08 10:56:11,384 - INFO - Memory usage after processing chunk 5: 10.62 GB
2025-04-08 10:56:11,654 - INFO - Processing chunk 6/10 with 500000 rows
2025-04-08 10:56:12,430 - INFO - Found credentials from IAM Role: thesis
2025-04-08 10:56:14,929 - INFO - ✓ Chunk 6/10 saved to s3://thesis--ec331-s3/enriched-volume-bids/RAISE1SEC_PUBLIC_ARCHIVE#BIDPEROFFER_D#FILE01#202408010000.parquet/enriched_volume_bids_20250408_105552_chunk6of10.parquet in 2.52 seconds
2025-04-08 10:56:15,170 - INFO - Memory usage after processing chunk 6: 10.71 GB
2025-04-08 10:56:15,435 - INFO - Processing chunk 7/10 with 500000 rows
2025-04-08 10:56:16,221 - INFO - Found credentials from IAM Role: thesis
2025-04-08 10:56:18,685 - INFO - ✓ Chunk 7/10 saved to s3://thesis--ec331-s3/enriched-volume-bids/RAISE1SEC_PUBLIC_ARCHIVE#BIDPEROFFER_D#FILE01#202408010000.parquet/enriched_volume_bids_20250408_105552_chunk7of10.parquet in 2.48 seconds
2025-04-08 10:56:18,930 - INFO - Memory usage after processing chunk 7: 10.66 GB
2025-04-08 10:56:19,195 - INFO - Processing chunk 8/10 with 500000 rows
2025-04-08 10:56:19,972 - INFO - Found credentials from IAM Role: thesis
2025-04-08 10:56:22,507 - INFO - ✓ Chunk 8/10 saved to s3://thesis--ec331-s3/enriched-volume-bids/RAISE1SEC_PUBLIC_ARCHIVE#BIDPEROFFER_D#FILE01#202408010000.parquet/enriched_volume_bids_20250408_105552_chunk8of10.parquet in 2.55 seconds
2025-04-08 10:56:22,754 - INFO - Memory usage after processing chunk 8: 10.72 GB
2025-04-08 10:56:23,027 - INFO - Processing chunk 9/10 with 500000 rows
2025-04-08 10:56:23,826 - INFO - Found credentials from IAM Role: thesis
2025-04-08 10:56:26,298 - INFO - ✓ Chunk 9/10 saved to s3://thesis--ec331-s3/enriched-volume-bids/RAISE1SEC_PUBLIC_ARCHIVE#BIDPEROFFER_D#FILE01#202408010000.parquet/enriched_volume_bids_20250408_105552_chunk9of10.parquet in 2.49 seconds
2025-04-08 10:56:26,540 - INFO - Memory usage after processing chunk 9: 10.66 GB
2025-04-08 10:56:26,620 - INFO - Processing chunk 10/10 with 159470 rows
2025-04-08 10:56:26,869 - INFO - Found credentials from IAM Role: thesis
2025-04-08 10:56:27,887 - INFO - ✓ Chunk 10/10 saved to s3://thesis--ec331-s3/enriched-volume-bids/RAISE1SEC_PUBLIC_ARCHIVE#BIDPEROFFER_D#FILE01#202408010000.parquet/enriched_volume_bids_20250408_105552_chunk10of10.parquet in 1.04 seconds
2025-04-08 10:56:28,060 - INFO - Memory usage after processing chunk 10: 10.60 GB
2025-04-08 10:56:28,974 - INFO - Completed processing folder RAISE1SEC_PUBLIC_ARCHIVE#BIDPEROFFER_D#FILE01#202408010000.parquet
2025-04-08 10:56:28,975 - INFO - Processing folder: RAISE1SEC_PUBLIC_ARCHIVE#BIDPEROFFER_D#FILE01#202409010000.parquet
2025-04-08 10:56:28,994 - INFO - Found credentials from IAM Role: thesis
2025-04-08 10:56:29,272 - INFO - Found credentials from IAM Role: thesis
2025-04-08 10:56:36,231 - INFO - Read 4,540,140 rows from folder RAISE1SEC_PUBLIC_ARCHIVE#BIDPEROFFER_D#FILE01#202409010000.parquet.
2025-04-08 10:56:36,232 - INFO - Processing 4540140 rows in 10 chunks of 500000 rows each
2025-04-08 10:56:36,523 - INFO - Processing chunk 1/10 with 500000 rows
2025-04-08 10:56:37,375 - INFO - Found credentials from IAM Role: thesis
2025-04-08 10:56:39,886 - INFO - ✓ Chunk 1/10 saved to s3://thesis--ec331-s3/enriched-volume-bids/RAISE1SEC_PUBLIC_ARCHIVE#BIDPEROFFER_D#FILE01#202409010000.parquet/enriched_volume_bids_20250408_105636_chunk1of10.parquet in 2.53 seconds
2025-04-08 10:56:40,161 - INFO - Memory usage after processing chunk 1: 10.83 GB
2025-04-08 10:56:40,425 - INFO - Processing chunk 2/10 with 500000 rows
2025-04-08 10:56:41,205 - INFO - Found credentials from IAM Role: thesis
2025-04-08 10:56:43,705 - INFO - ✓ Chunk 2/10 saved to s3://thesis--ec331-s3/enriched-volume-bids/RAISE1SEC_PUBLIC_ARCHIVE#BIDPEROFFER_D#FILE01#202409010000.parquet/enriched_volume_bids_20250408_105636_chunk2of10.parquet in 2.52 seconds
2025-04-08 10:56:43,950 - INFO - Memory usage after processing chunk 2: 10.77 GB
2025-04-08 10:56:44,214 - INFO - Processing chunk 3/10 with 500000 rows
2025-04-08 10:56:44,996 - INFO - Found credentials from IAM Role: thesis
2025-04-08 10:56:47,490 - INFO - ✓ Chunk 3/10 saved to s3://thesis--ec331-s3/enriched-volume-bids/RAISE1SEC_PUBLIC_ARCHIVE#BIDPEROFFER_D#FILE01#202409010000.parquet/enriched_volume_bids_20250408_105636_chunk3of10.parquet in 2.51 seconds
2025-04-08 10:56:47,737 - INFO - Memory usage after processing chunk 3: 10.56 GB
2025-04-08 10:56:48,003 - INFO - Processing chunk 4/10 with 500000 rows
2025-04-08 10:56:48,783 - INFO - Found credentials from IAM Role: thesis
2025-04-08 10:56:51,266 - INFO - ✓ Chunk 4/10 saved to s3://thesis--ec331-s3/enriched-volume-bids/RAISE1SEC_PUBLIC_ARCHIVE#BIDPEROFFER_D#FILE01#202409010000.parquet/enriched_volume_bids_20250408_105636_chunk4of10.parquet in 2.50 seconds
2025-04-08 10:56:51,507 - INFO - Memory usage after processing chunk 4: 10.63 GB
2025-04-08 10:56:51,774 - INFO - Processing chunk 5/10 with 500000 rows
2025-04-08 10:56:52,559 - INFO - Found credentials from IAM Role: thesis
2025-04-08 10:56:55,036 - INFO - ✓ Chunk 5/10 saved to s3://thesis--ec331-s3/enriched-volume-bids/RAISE1SEC_PUBLIC_ARCHIVE#BIDPEROFFER_D#FILE01#202409010000.parquet/enriched_volume_bids_20250408_105636_chunk5of10.parquet in 2.49 seconds
2025-04-08 10:56:55,277 - INFO - Memory usage after processing chunk 5: 10.62 GB
2025-04-08 10:56:55,548 - INFO - Processing chunk 6/10 with 500000 rows
2025-04-08 10:56:56,332 - INFO - Found credentials from IAM Role: thesis
2025-04-08 10:56:58,819 - INFO - ✓ Chunk 6/10 saved to s3://thesis--ec331-s3/enriched-volume-bids/RAISE1SEC_PUBLIC_ARCHIVE#BIDPEROFFER_D#FILE01#202409010000.parquet/enriched_volume_bids_20250408_105636_chunk6of10.parquet in 2.50 seconds
2025-04-08 10:56:59,064 - INFO - Memory usage after processing chunk 6: 10.70 GB
2025-04-08 10:56:59,332 - INFO - Processing chunk 7/10 with 500000 rows
2025-04-08 10:57:00,117 - INFO - Found credentials from IAM Role: thesis
2025-04-08 10:57:02,639 - INFO - ✓ Chunk 7/10 saved to s3://thesis--ec331-s3/enriched-volume-bids/RAISE1SEC_PUBLIC_ARCHIVE#BIDPEROFFER_D#FILE01#202409010000.parquet/enriched_volume_bids_20250408_105636_chunk7of10.parquet in 2.54 seconds
2025-04-08 10:57:02,885 - INFO - Memory usage after processing chunk 7: 10.64 GB
2025-04-08 10:57:03,152 - INFO - Processing chunk 8/10 with 500000 rows
2025-04-08 10:57:03,935 - INFO - Found credentials from IAM Role: thesis
2025-04-08 10:57:06,431 - INFO - ✓ Chunk 8/10 saved to s3://thesis--ec331-s3/enriched-volume-bids/RAISE1SEC_PUBLIC_ARCHIVE#BIDPEROFFER_D#FILE01#202409010000.parquet/enriched_volume_bids_20250408_105636_chunk8of10.parquet in 2.51 seconds
2025-04-08 10:57:06,675 - INFO - Memory usage after processing chunk 8: 10.65 GB
2025-04-08 10:57:06,943 - INFO - Processing chunk 9/10 with 500000 rows
2025-04-08 10:57:07,728 - INFO - Found credentials from IAM Role: thesis
2025-04-08 10:57:10,237 - INFO - ✓ Chunk 9/10 saved to s3://thesis--ec331-s3/enriched-volume-bids/RAISE1SEC_PUBLIC_ARCHIVE#BIDPEROFFER_D#FILE01#202409010000.parquet/enriched_volume_bids_20250408_105636_chunk9of10.parquet in 2.53 seconds
2025-04-08 10:57:10,478 - INFO - Memory usage after processing chunk 9: 10.65 GB
2025-04-08 10:57:10,499 - INFO - Processing chunk 10/10 with 40140 rows
2025-04-08 10:57:10,570 - INFO - Found credentials from IAM Role: thesis
2025-04-08 10:57:11,078 - INFO - ✓ Chunk 10/10 saved to s3://thesis--ec331-s3/enriched-volume-bids/RAISE1SEC_PUBLIC_ARCHIVE#BIDPEROFFER_D#FILE01#202409010000.parquet/enriched_volume_bids_20250408_105636_chunk10of10.parquet in 0.53 seconds
2025-04-08 10:57:11,232 - INFO - Memory usage after processing chunk 10: 10.57 GB
2025-04-08 10:57:12,115 - INFO - Completed processing folder RAISE1SEC_PUBLIC_ARCHIVE#BIDPEROFFER_D#FILE01#202409010000.parquet
2025-04-08 10:57:12,116 - INFO - Processing folder: RAISE1SEC_PUBLIC_DVD_BIDPEROFFER1_202310010000.parquet
2025-04-08 10:57:12,135 - INFO - Found credentials from IAM Role: thesis
2025-04-08 10:57:12,402 - INFO - Found credentials from IAM Role: thesis
2025-04-08 10:57:13,093 - INFO - Read 417,600 rows from folder RAISE1SEC_PUBLIC_DVD_BIDPEROFFER1_202310010000.parquet.
2025-04-08 10:57:13,094 - INFO - Processing 417600 rows in 1 chunks of 500000 rows each
2025-04-08 10:57:13,218 - INFO - Processing chunk 1/1 with 417600 rows
2025-04-08 10:57:13,679 - INFO - Found credentials from IAM Role: thesis
2025-04-08 10:57:15,210 - INFO - ✓ Chunk 1/1 saved to s3://thesis--ec331-s3/enriched-volume-bids/RAISE1SEC_PUBLIC_DVD_BIDPEROFFER1_202310010000.parquet/enriched_volume_bids_20250408_105713_chunk1of1.parquet in 1.55 seconds
2025-04-08 10:57:15,444 - INFO - Memory usage after processing chunk 1: 7.87 GB
2025-04-08 10:57:15,536 - INFO - Completed processing folder RAISE1SEC_PUBLIC_DVD_BIDPEROFFER1_202310010000.parquet
2025-04-08 10:57:15,537 - INFO - Processing folder: RAISE1SEC_PUBLIC_DVD_BIDPEROFFER1_202311010000.parquet
2025-04-08 10:57:15,554 - INFO - Found credentials from IAM Role: thesis
2025-04-08 10:57:15,821 - INFO - Found credentials from IAM Role: thesis
2025-04-08 10:57:16,881 - INFO - Read 843,840 rows from folder RAISE1SEC_PUBLIC_DVD_BIDPEROFFER1_202311010000.parquet.
2025-04-08 10:57:16,882 - INFO - Processing 843840 rows in 2 chunks of 500000 rows each
2025-04-08 10:57:17,036 - INFO - Processing chunk 1/2 with 500000 rows
2025-04-08 10:57:17,591 - INFO - Found credentials from IAM Role: thesis
2025-04-08 10:57:19,351 - INFO - ✓ Chunk 1/2 saved to s3://thesis--ec331-s3/enriched-volume-bids/RAISE1SEC_PUBLIC_DVD_BIDPEROFFER1_202311010000.parquet/enriched_volume_bids_20250408_105716_chunk1of2.parquet in 1.78 seconds
2025-04-08 10:57:19,600 - INFO - Memory usage after processing chunk 1: 7.93 GB
2025-04-08 10:57:19,701 - INFO - Processing chunk 2/2 with 343840 rows
2025-04-08 10:57:20,079 - INFO - Found credentials from IAM Role: thesis
2025-04-08 10:57:21,356 - INFO - ✓ Chunk 2/2 saved to s3://thesis--ec331-s3/enriched-volume-bids/RAISE1SEC_PUBLIC_DVD_BIDPEROFFER1_202311010000.parquet/enriched_volume_bids_20250408_105716_chunk2of2.parquet in 1.29 seconds
2025-04-08 10:57:21,547 - INFO - Memory usage after processing chunk 2: 7.85 GB
2025-04-08 10:57:21,672 - INFO - Completed processing folder RAISE1SEC_PUBLIC_DVD_BIDPEROFFER1_202311010000.parquet
2025-04-08 10:57:21,674 - INFO - Processing folder: RAISE1SEC_PUBLIC_DVD_BIDPEROFFER1_202312010000.parquet
2025-04-08 10:57:21,691 - INFO - Found credentials from IAM Role: thesis
2025-04-08 10:57:21,957 - INFO - Found credentials from IAM Role: thesis
2025-04-08 10:57:23,185 - INFO - Read 993,600 rows from folder RAISE1SEC_PUBLIC_DVD_BIDPEROFFER1_202312010000.parquet.
2025-04-08 10:57:23,186 - INFO - Processing 993600 rows in 2 chunks of 500000 rows each
2025-04-08 10:57:23,355 - INFO - Processing chunk 1/2 with 500000 rows
2025-04-08 10:57:23,925 - INFO - Found credentials from IAM Role: thesis
2025-04-08 10:57:25,681 - INFO - ✓ Chunk 1/2 saved to s3://thesis--ec331-s3/enriched-volume-bids/RAISE1SEC_PUBLIC_DVD_BIDPEROFFER1_202312010000.parquet/enriched_volume_bids_20250408_105723_chunk1of2.parquet in 1.77 seconds
2025-04-08 10:57:25,925 - INFO - Memory usage after processing chunk 1: 7.94 GB
2025-04-08 10:57:26,078 - INFO - Processing chunk 2/2 with 493600 rows
2025-04-08 10:57:26,617 - INFO - Found credentials from IAM Role: thesis
2025-04-08 10:57:28,323 - INFO - ✓ Chunk 2/2 saved to s3://thesis--ec331-s3/enriched-volume-bids/RAISE1SEC_PUBLIC_DVD_BIDPEROFFER1_202312010000.parquet/enriched_volume_bids_20250408_105723_chunk2of2.parquet in 1.72 seconds
2025-04-08 10:57:28,531 - INFO - Memory usage after processing chunk 2: 8.05 GB
2025-04-08 10:57:28,670 - INFO - Completed processing folder RAISE1SEC_PUBLIC_DVD_BIDPEROFFER1_202312010000.parquet
2025-04-08 10:57:28,671 - INFO - Processing folder: RAISE1SEC_PUBLIC_DVD_BIDPEROFFER1_202401010000.parquet
2025-04-08 10:57:28,690 - INFO - Found credentials from IAM Role: thesis
2025-04-08 10:57:28,960 - INFO - Found credentials from IAM Role: thesis
2025-04-08 10:57:30,251 - INFO - Read 1,080,000 rows from folder RAISE1SEC_PUBLIC_DVD_BIDPEROFFER1_202401010000.parquet.
2025-04-08 10:57:30,252 - INFO - Processing 1080000 rows in 3 chunks of 500000 rows each
2025-04-08 10:57:30,416 - INFO - Processing chunk 1/3 with 500000 rows
2025-04-08 10:57:30,978 - INFO - Found credentials from IAM Role: thesis
2025-04-08 10:57:32,779 - INFO - ✓ Chunk 1/3 saved to s3://thesis--ec331-s3/enriched-volume-bids/RAISE1SEC_PUBLIC_DVD_BIDPEROFFER1_202401010000.parquet/enriched_volume_bids_20250408_105730_chunk1of3.parquet in 1.82 seconds
2025-04-08 10:57:33,034 - INFO - Memory usage after processing chunk 1: 8.12 GB
2025-04-08 10:57:33,190 - INFO - Processing chunk 2/3 with 500000 rows
2025-04-08 10:57:33,730 - INFO - Found credentials from IAM Role: thesis
2025-04-08 10:57:35,524 - INFO - ✓ Chunk 2/3 saved to s3://thesis--ec331-s3/enriched-volume-bids/RAISE1SEC_PUBLIC_DVD_BIDPEROFFER1_202401010000.parquet/enriched_volume_bids_20250408_105730_chunk2of3.parquet in 1.81 seconds
2025-04-08 10:57:35,736 - INFO - Memory usage after processing chunk 2: 8.12 GB
2025-04-08 10:57:35,759 - INFO - Processing chunk 3/3 with 80000 rows
2025-04-08 10:57:35,847 - INFO - Found credentials from IAM Role: thesis
2025-04-08 10:57:36,399 - INFO - ✓ Chunk 3/3 saved to s3://thesis--ec331-s3/enriched-volume-bids/RAISE1SEC_PUBLIC_DVD_BIDPEROFFER1_202401010000.parquet/enriched_volume_bids_20250408_105730_chunk3of3.parquet in 0.57 seconds
2025-04-08 10:57:36,558 - INFO - Memory usage after processing chunk 3: 8.07 GB
2025-04-08 10:57:36,701 - INFO - Completed processing folder RAISE1SEC_PUBLIC_DVD_BIDPEROFFER1_202401010000.parquet
2025-04-08 10:57:36,702 - INFO - Processing folder: RAISE1SEC_PUBLIC_DVD_BIDPEROFFER1_202402010000.parquet
2025-04-08 10:57:36,722 - INFO - Found credentials from IAM Role: thesis
2025-04-08 10:57:36,988 - INFO - Found credentials from IAM Role: thesis
2025-04-08 10:57:38,449 - INFO - Read 1,120,320 rows from folder RAISE1SEC_PUBLIC_DVD_BIDPEROFFER1_202402010000.parquet.
2025-04-08 10:57:38,450 - INFO - Processing 1120320 rows in 3 chunks of 500000 rows each
2025-04-08 10:57:38,635 - INFO - Processing chunk 1/3 with 500000 rows
2025-04-08 10:57:39,255 - INFO - Found credentials from IAM Role: thesis
2025-04-08 10:57:41,186 - INFO - ✓ Chunk 1/3 saved to s3://thesis--ec331-s3/enriched-volume-bids/RAISE1SEC_PUBLIC_DVD_BIDPEROFFER1_202402010000.parquet/enriched_volume_bids_20250408_105738_chunk1of3.parquet in 1.95 seconds
2025-04-08 10:57:41,439 - INFO - Memory usage after processing chunk 1: 8.02 GB
2025-04-08 10:57:41,625 - INFO - Processing chunk 2/3 with 500000 rows
2025-04-08 10:57:42,235 - INFO - Found credentials from IAM Role: thesis
2025-04-08 10:57:44,162 - INFO - ✓ Chunk 2/3 saved to s3://thesis--ec331-s3/enriched-volume-bids/RAISE1SEC_PUBLIC_DVD_BIDPEROFFER1_202402010000.parquet/enriched_volume_bids_20250408_105738_chunk2of3.parquet in 1.94 seconds
2025-04-08 10:57:44,379 - INFO - Memory usage after processing chunk 2: 8.21 GB
2025-04-08 10:57:44,419 - INFO - Processing chunk 3/3 with 120320 rows
2025-04-08 10:57:44,565 - INFO - Found credentials from IAM Role: thesis
2025-04-08 10:57:45,244 - INFO - ✓ Chunk 3/3 saved to s3://thesis--ec331-s3/enriched-volume-bids/RAISE1SEC_PUBLIC_DVD_BIDPEROFFER1_202402010000.parquet/enriched_volume_bids_20250408_105738_chunk3of3.parquet in 0.70 seconds
2025-04-08 10:57:45,407 - INFO - Memory usage after processing chunk 3: 8.15 GB
2025-04-08 10:57:45,579 - INFO - Completed processing folder RAISE1SEC_PUBLIC_DVD_BIDPEROFFER1_202402010000.parquet
2025-04-08 10:57:45,580 - INFO - Processing folder: RAISE1SEC_PUBLIC_DVD_BIDPEROFFER1_202403010000.parquet
2025-04-08 10:57:45,597 - INFO - Found credentials from IAM Role: thesis
2025-04-08 10:57:45,876 - INFO - Found credentials from IAM Role: thesis
2025-04-08 10:57:47,345 - INFO - Read 1,137,600 rows from folder RAISE1SEC_PUBLIC_DVD_BIDPEROFFER1_202403010000.parquet.
2025-04-08 10:57:47,346 - INFO - Processing 1137600 rows in 3 chunks of 500000 rows each
2025-04-08 10:57:47,539 - INFO - Processing chunk 1/3 with 500000 rows
2025-04-08 10:57:48,168 - INFO - Found credentials from IAM Role: thesis
2025-04-08 10:57:50,077 - INFO - ✓ Chunk 1/3 saved to s3://thesis--ec331-s3/enriched-volume-bids/RAISE1SEC_PUBLIC_DVD_BIDPEROFFER1_202403010000.parquet/enriched_volume_bids_20250408_105747_chunk1of3.parquet in 1.93 seconds
2025-04-08 10:57:50,341 - INFO - Memory usage after processing chunk 1: 8.17 GB
2025-04-08 10:57:50,525 - INFO - Processing chunk 2/3 with 500000 rows
2025-04-08 10:57:51,136 - INFO - Found credentials from IAM Role: thesis
2025-04-08 10:57:53,093 - INFO - ✓ Chunk 2/3 saved to s3://thesis--ec331-s3/enriched-volume-bids/RAISE1SEC_PUBLIC_DVD_BIDPEROFFER1_202403010000.parquet/enriched_volume_bids_20250408_105747_chunk2of3.parquet in 1.97 seconds
2025-04-08 10:57:53,315 - INFO - Memory usage after processing chunk 2: 8.23 GB
2025-04-08 10:57:53,359 - INFO - Processing chunk 3/3 with 137600 rows
2025-04-08 10:57:53,523 - INFO - Found credentials from IAM Role: thesis
2025-04-08 10:57:54,249 - INFO - ✓ Chunk 3/3 saved to s3://thesis--ec331-s3/enriched-volume-bids/RAISE1SEC_PUBLIC_DVD_BIDPEROFFER1_202403010000.parquet/enriched_volume_bids_20250408_105747_chunk3of3.parquet in 0.74 seconds
2025-04-08 10:57:54,412 - INFO - Memory usage after processing chunk 3: 8.19 GB
2025-04-08 10:57:54,581 - INFO - Completed processing folder RAISE1SEC_PUBLIC_DVD_BIDPEROFFER1_202403010000.parquet
2025-04-08 10:57:54,582 - INFO - Processing folder: RAISE1SEC_PUBLIC_DVD_BIDPEROFFER1_202404010000.parquet
2025-04-08 10:57:54,600 - INFO - Found credentials from IAM Role: thesis
2025-04-08 10:57:54,885 - INFO - Found credentials from IAM Role: thesis
2025-04-08 10:57:56,455 - INFO - Read 1,198,080 rows from folder RAISE1SEC_PUBLIC_DVD_BIDPEROFFER1_202404010000.parquet.
2025-04-08 10:57:56,456 - INFO - Processing 1198080 rows in 3 chunks of 500000 rows each
2025-04-08 10:57:56,647 - INFO - Processing chunk 1/3 with 500000 rows
2025-04-08 10:57:57,285 - INFO - Found credentials from IAM Role: thesis
2025-04-08 10:57:59,253 - INFO - ✓ Chunk 1/3 saved to s3://thesis--ec331-s3/enriched-volume-bids/RAISE1SEC_PUBLIC_DVD_BIDPEROFFER1_202404010000.parquet/enriched_volume_bids_20250408_105756_chunk1of3.parquet in 1.99 seconds
2025-04-08 10:57:59,514 - INFO - Memory usage after processing chunk 1: 8.35 GB
2025-04-08 10:57:59,698 - INFO - Processing chunk 2/3 with 500000 rows
2025-04-08 10:58:00,313 - INFO - Found credentials from IAM Role: thesis
2025-04-08 10:58:02,246 - INFO - ✓ Chunk 2/3 saved to s3://thesis--ec331-s3/enriched-volume-bids/RAISE1SEC_PUBLIC_DVD_BIDPEROFFER1_202404010000.parquet/enriched_volume_bids_20250408_105756_chunk2of3.parquet in 1.95 seconds
2025-04-08 10:58:02,465 - INFO - Memory usage after processing chunk 2: 8.23 GB
2025-04-08 10:58:02,531 - INFO - Processing chunk 3/3 with 198080 rows
2025-04-08 10:58:02,776 - INFO - Found credentials from IAM Role: thesis
2025-04-08 10:58:03,693 - INFO - ✓ Chunk 3/3 saved to s3://thesis--ec331-s3/enriched-volume-bids/RAISE1SEC_PUBLIC_DVD_BIDPEROFFER1_202404010000.parquet/enriched_volume_bids_20250408_105756_chunk3of3.parquet in 0.93 seconds
2025-04-08 10:58:03,874 - INFO - Memory usage after processing chunk 3: 8.17 GB
2025-04-08 10:58:04,049 - INFO - Completed processing folder RAISE1SEC_PUBLIC_DVD_BIDPEROFFER1_202404010000.parquet
2025-04-08 10:58:04,050 - INFO - Processing folder: RAISE1SEC_PUBLIC_DVD_BIDPEROFFER1_202405010000.parquet
2025-04-08 10:58:04,067 - INFO - Found credentials from IAM Role: thesis
2025-04-08 10:58:04,346 - INFO - Found credentials from IAM Role: thesis
2025-04-08 10:58:06,370 - INFO - Read 1,572,480 rows from folder RAISE1SEC_PUBLIC_DVD_BIDPEROFFER1_202405010000.parquet.
2025-04-08 10:58:06,370 - INFO - Processing 1572480 rows in 4 chunks of 500000 rows each
2025-04-08 10:58:06,596 - INFO - Processing chunk 1/4 with 500000 rows
2025-04-08 10:58:07,222 - INFO - Found credentials from IAM Role: thesis
2025-04-08 10:58:09,221 - INFO - ✓ Chunk 1/4 saved to s3://thesis--ec331-s3/enriched-volume-bids/RAISE1SEC_PUBLIC_DVD_BIDPEROFFER1_202405010000.parquet/enriched_volume_bids_20250408_105806_chunk1of4.parquet in 2.02 seconds
2025-04-08 10:58:09,479 - INFO - Memory usage after processing chunk 1: 8.30 GB
2025-04-08 10:58:09,696 - INFO - Processing chunk 2/4 with 500000 rows
2025-04-08 10:58:10,301 - INFO - Found credentials from IAM Role: thesis
2025-04-08 10:58:12,275 - INFO - ✓ Chunk 2/4 saved to s3://thesis--ec331-s3/enriched-volume-bids/RAISE1SEC_PUBLIC_DVD_BIDPEROFFER1_202405010000.parquet/enriched_volume_bids_20250408_105806_chunk2of4.parquet in 1.99 seconds
2025-04-08 10:58:12,499 - INFO - Memory usage after processing chunk 2: 8.38 GB
2025-04-08 10:58:12,713 - INFO - Processing chunk 3/4 with 500000 rows
2025-04-08 10:58:13,318 - INFO - Found credentials from IAM Role: thesis
2025-04-08 10:58:15,239 - INFO - ✓ Chunk 3/4 saved to s3://thesis--ec331-s3/enriched-volume-bids/RAISE1SEC_PUBLIC_DVD_BIDPEROFFER1_202405010000.parquet/enriched_volume_bids_20250408_105806_chunk3of4.parquet in 1.94 seconds
2025-04-08 10:58:15,465 - INFO - Memory usage after processing chunk 3: 8.27 GB
2025-04-08 10:58:15,489 - INFO - Processing chunk 4/4 with 72480 rows
2025-04-08 10:58:15,591 - INFO - Found credentials from IAM Role: thesis
2025-04-08 10:58:16,122 - INFO - ✓ Chunk 4/4 saved to s3://thesis--ec331-s3/enriched-volume-bids/RAISE1SEC_PUBLIC_DVD_BIDPEROFFER1_202405010000.parquet/enriched_volume_bids_20250408_105806_chunk4of4.parquet in 0.55 seconds
2025-04-08 10:58:16,281 - INFO - Memory usage after processing chunk 4: 8.27 GB
2025-04-08 10:58:16,502 - INFO - Completed processing folder RAISE1SEC_PUBLIC_DVD_BIDPEROFFER1_202405010000.parquet
2025-04-08 10:58:16,503 - INFO - Processing folder: RAISE1SEC_PUBLIC_DVD_BIDPEROFFER1_202406010000.parquet
2025-04-08 10:58:16,520 - INFO - Found credentials from IAM Role: thesis
2025-04-08 10:58:16,792 - INFO - Found credentials from IAM Role: thesis
2025-04-08 10:58:18,960 - INFO - Read 1,771,200 rows from folder RAISE1SEC_PUBLIC_DVD_BIDPEROFFER1_202406010000.parquet.
2025-04-08 10:58:18,961 - INFO - Processing 1771200 rows in 4 chunks of 500000 rows each
2025-04-08 10:58:19,184 - INFO - Processing chunk 1/4 with 500000 rows
2025-04-08 10:58:19,818 - INFO - Found credentials from IAM Role: thesis
2025-04-08 10:58:21,773 - INFO - ✓ Chunk 1/4 saved to s3://thesis--ec331-s3/enriched-volume-bids/RAISE1SEC_PUBLIC_DVD_BIDPEROFFER1_202406010000.parquet/enriched_volume_bids_20250408_105818_chunk1of4.parquet in 1.97 seconds
2025-04-08 10:58:22,028 - INFO - Memory usage after processing chunk 1: 8.67 GB
2025-04-08 10:58:22,242 - INFO - Processing chunk 2/4 with 500000 rows
2025-04-08 10:58:22,856 - INFO - Found credentials from IAM Role: thesis
2025-04-08 10:58:24,778 - INFO - ✓ Chunk 2/4 saved to s3://thesis--ec331-s3/enriched-volume-bids/RAISE1SEC_PUBLIC_DVD_BIDPEROFFER1_202406010000.parquet/enriched_volume_bids_20250408_105818_chunk2of4.parquet in 1.94 seconds
2025-04-08 10:58:25,002 - INFO - Memory usage after processing chunk 2: 8.49 GB
2025-04-08 10:58:25,215 - INFO - Processing chunk 3/4 with 500000 rows
2025-04-08 10:58:25,831 - INFO - Found credentials from IAM Role: thesis
2025-04-08 10:58:27,730 - INFO - ✓ Chunk 3/4 saved to s3://thesis--ec331-s3/enriched-volume-bids/RAISE1SEC_PUBLIC_DVD_BIDPEROFFER1_202406010000.parquet/enriched_volume_bids_20250408_105818_chunk3of4.parquet in 1.92 seconds
2025-04-08 10:58:27,956 - INFO - Memory usage after processing chunk 3: 8.45 GB
2025-04-08 10:58:28,062 - INFO - Processing chunk 4/4 with 271200 rows
2025-04-08 10:58:28,392 - INFO - Found credentials from IAM Role: thesis
2025-04-08 10:58:29,590 - INFO - ✓ Chunk 4/4 saved to s3://thesis--ec331-s3/enriched-volume-bids/RAISE1SEC_PUBLIC_DVD_BIDPEROFFER1_202406010000.parquet/enriched_volume_bids_20250408_105818_chunk4of4.parquet in 1.22 seconds
2025-04-08 10:58:29,779 - INFO - Memory usage after processing chunk 4: 8.52 GB
2025-04-08 10:58:30,022 - INFO - Completed processing folder RAISE1SEC_PUBLIC_DVD_BIDPEROFFER1_202406010000.parquet
2025-04-08 10:58:30,023 - INFO - Processing folder: RAISE1SEC_PUBLIC_DVD_BIDPEROFFER1_202407010000.parquet
2025-04-08 10:58:30,041 - INFO - Found credentials from IAM Role: thesis
2025-04-08 10:58:30,316 - INFO - Found credentials from IAM Role: thesis
2025-04-08 10:58:32,628 - INFO - Read 1,892,160 rows from folder RAISE1SEC_PUBLIC_DVD_BIDPEROFFER1_202407010000.parquet.
2025-04-08 10:58:32,629 - INFO - Processing 1892160 rows in 4 chunks of 500000 rows each
2025-04-08 10:58:32,846 - INFO - Processing chunk 1/4 with 500000 rows
2025-04-08 10:58:33,480 - INFO - Found credentials from IAM Role: thesis
2025-04-08 10:58:35,446 - INFO - ✓ Chunk 1/4 saved to s3://thesis--ec331-s3/enriched-volume-bids/RAISE1SEC_PUBLIC_DVD_BIDPEROFFER1_202407010000.parquet/enriched_volume_bids_20250408_105832_chunk1of4.parquet in 1.98 seconds
2025-04-08 10:58:35,703 - INFO - Memory usage after processing chunk 1: 8.57 GB
2025-04-08 10:58:35,909 - INFO - Processing chunk 2/4 with 500000 rows
2025-04-08 10:58:36,512 - INFO - Found credentials from IAM Role: thesis
2025-04-08 10:58:38,480 - INFO - ✓ Chunk 2/4 saved to s3://thesis--ec331-s3/enriched-volume-bids/RAISE1SEC_PUBLIC_DVD_BIDPEROFFER1_202407010000.parquet/enriched_volume_bids_20250408_105832_chunk2of4.parquet in 1.99 seconds
2025-04-08 10:58:38,703 - INFO - Memory usage after processing chunk 2: 8.45 GB
2025-04-08 10:58:38,913 - INFO - Processing chunk 3/4 with 500000 rows
2025-04-08 10:58:39,516 - INFO - Found credentials from IAM Role: thesis
2025-04-08 10:58:41,431 - INFO - ✓ Chunk 3/4 saved to s3://thesis--ec331-s3/enriched-volume-bids/RAISE1SEC_PUBLIC_DVD_BIDPEROFFER1_202407010000.parquet/enriched_volume_bids_20250408_105832_chunk3of4.parquet in 1.93 seconds
2025-04-08 10:58:41,658 - INFO - Memory usage after processing chunk 3: 8.49 GB
2025-04-08 10:58:41,814 - INFO - Processing chunk 4/4 with 392160 rows
2025-04-08 10:58:42,295 - INFO - Found credentials from IAM Role: thesis
2025-04-08 10:58:43,886 - INFO - ✓ Chunk 4/4 saved to s3://thesis--ec331-s3/enriched-volume-bids/RAISE1SEC_PUBLIC_DVD_BIDPEROFFER1_202407010000.parquet/enriched_volume_bids_20250408_105832_chunk4of4.parquet in 1.61 seconds
2025-04-08 10:58:44,088 - INFO - Memory usage after processing chunk 4: 8.59 GB
2025-04-08 10:58:44,340 - INFO - Completed processing folder RAISE1SEC_PUBLIC_DVD_BIDPEROFFER1_202407010000.parquet
2025-04-08 10:58:44,341 - INFO - Processing folder: RAISE1SEC_PUBLIC_DVD_BIDPEROFFER2_202310010000.parquet
2025-04-08 10:58:44,360 - INFO - Found credentials from IAM Role: thesis
2025-04-08 10:58:44,630 - INFO - Found credentials from IAM Role: thesis
2025-04-08 10:58:45,670 - INFO - Read 835,200 rows from folder RAISE1SEC_PUBLIC_DVD_BIDPEROFFER2_202310010000.parquet.
2025-04-08 10:58:45,671 - INFO - Processing 835200 rows in 2 chunks of 500000 rows each
2025-04-08 10:58:45,837 - INFO - Processing chunk 1/2 with 500000 rows
2025-04-08 10:58:46,400 - INFO - Found credentials from IAM Role: thesis
2025-04-08 10:58:48,161 - INFO - ✓ Chunk 1/2 saved to s3://thesis--ec331-s3/enriched-volume-bids/RAISE1SEC_PUBLIC_DVD_BIDPEROFFER2_202310010000.parquet/enriched_volume_bids_20250408_105845_chunk1of2.parquet in 1.78 seconds
2025-04-08 10:58:48,406 - INFO - Memory usage after processing chunk 1: 8.03 GB
2025-04-08 10:58:48,504 - INFO - Processing chunk 2/2 with 335200 rows
2025-04-08 10:58:48,876 - INFO - Found credentials from IAM Role: thesis
2025-04-08 10:58:50,139 - INFO - ✓ Chunk 2/2 saved to s3://thesis--ec331-s3/enriched-volume-bids/RAISE1SEC_PUBLIC_DVD_BIDPEROFFER2_202310010000.parquet/enriched_volume_bids_20250408_105845_chunk2of2.parquet in 1.28 seconds
2025-04-08 10:58:50,329 - INFO - Memory usage after processing chunk 2: 7.98 GB
2025-04-08 10:58:50,451 - INFO - Completed processing folder RAISE1SEC_PUBLIC_DVD_BIDPEROFFER2_202310010000.parquet
2025-04-08 10:58:50,452 - INFO - Processing folder: RAISE1SEC_PUBLIC_DVD_BIDPEROFFER2_202311010000.parquet
2025-04-08 10:58:50,470 - INFO - Found credentials from IAM Role: thesis
2025-04-08 10:58:50,744 - INFO - Found credentials from IAM Role: thesis
2025-04-08 10:58:51,897 - INFO - Read 959,040 rows from folder RAISE1SEC_PUBLIC_DVD_BIDPEROFFER2_202311010000.parquet.
2025-04-08 10:58:51,897 - INFO - Processing 959040 rows in 2 chunks of 500000 rows each
2025-04-08 10:58:52,052 - INFO - Processing chunk 1/2 with 500000 rows
2025-04-08 10:58:52,612 - INFO - Found credentials from IAM Role: thesis
2025-04-08 10:58:54,368 - INFO - ✓ Chunk 1/2 saved to s3://thesis--ec331-s3/enriched-volume-bids/RAISE1SEC_PUBLIC_DVD_BIDPEROFFER2_202311010000.parquet/enriched_volume_bids_20250408_105851_chunk1of2.parquet in 1.77 seconds
2025-04-08 10:58:54,614 - INFO - Memory usage after processing chunk 1: 7.99 GB
2025-04-08 10:58:54,757 - INFO - Processing chunk 2/2 with 459040 rows
2025-04-08 10:58:55,262 - INFO - Found credentials from IAM Role: thesis
2025-04-08 10:58:56,874 - INFO - ✓ Chunk 2/2 saved to s3://thesis--ec331-s3/enriched-volume-bids/RAISE1SEC_PUBLIC_DVD_BIDPEROFFER2_202311010000.parquet/enriched_volume_bids_20250408_105851_chunk2of2.parquet in 1.63 seconds
2025-04-08 10:58:57,083 - INFO - Memory usage after processing chunk 2: 8.01 GB
2025-04-08 10:58:57,219 - INFO - Completed processing folder RAISE1SEC_PUBLIC_DVD_BIDPEROFFER2_202311010000.parquet
2025-04-08 10:58:57,220 - INFO - Processing folder: RAISE1SEC_PUBLIC_DVD_BIDPEROFFER2_202312010000-1.parquet
2025-04-08 10:58:57,238 - INFO - Found credentials from IAM Role: thesis
2025-04-08 10:58:57,514 - INFO - Found credentials from IAM Role: thesis
2025-04-08 10:58:58,832 - INFO - Read 1,117,440 rows from folder RAISE1SEC_PUBLIC_DVD_BIDPEROFFER2_202312010000-1.parquet.
2025-04-08 10:58:58,833 - INFO - Processing 1117440 rows in 3 chunks of 500000 rows each
2025-04-08 10:58:58,998 - INFO - Processing chunk 1/3 with 500000 rows
2025-04-08 10:58:59,570 - INFO - Found credentials from IAM Role: thesis
2025-04-08 10:59:01,384 - INFO - ✓ Chunk 1/3 saved to s3://thesis--ec331-s3/enriched-volume-bids/RAISE1SEC_PUBLIC_DVD_BIDPEROFFER2_202312010000-1.parquet/enriched_volume_bids_20250408_105858_chunk1of3.parquet in 1.83 seconds
2025-04-08 10:59:01,630 - INFO - Memory usage after processing chunk 1: 8.25 GB
2025-04-08 10:59:01,789 - INFO - Processing chunk 2/3 with 500000 rows
2025-04-08 10:59:02,337 - INFO - Found credentials from IAM Role: thesis
2025-04-08 10:59:04,112 - INFO - ✓ Chunk 2/3 saved to s3://thesis--ec331-s3/enriched-volume-bids/RAISE1SEC_PUBLIC_DVD_BIDPEROFFER2_202312010000-1.parquet/enriched_volume_bids_20250408_105858_chunk2of3.parquet in 1.79 seconds
2025-04-08 10:59:04,322 - INFO - Memory usage after processing chunk 2: 8.29 GB
2025-04-08 10:59:04,356 - INFO - Processing chunk 3/3 with 117440 rows
2025-04-08 10:59:04,479 - INFO - Found credentials from IAM Role: thesis
2025-04-08 10:59:05,097 - INFO - ✓ Chunk 3/3 saved to s3://thesis--ec331-s3/enriched-volume-bids/RAISE1SEC_PUBLIC_DVD_BIDPEROFFER2_202312010000-1.parquet/enriched_volume_bids_20250408_105858_chunk3of3.parquet in 0.64 seconds
2025-04-08 10:59:05,258 - INFO - Memory usage after processing chunk 3: 8.26 GB
2025-04-08 10:59:05,408 - INFO - Completed processing folder RAISE1SEC_PUBLIC_DVD_BIDPEROFFER2_202312010000-1.parquet
2025-04-08 10:59:05,409 - INFO - Processing folder: RAISE1SEC_PUBLIC_DVD_BIDPEROFFER2_202401010000.parquet
2025-04-08 10:59:05,428 - INFO - Found credentials from IAM Role: thesis
2025-04-08 10:59:05,704 - INFO - Found credentials from IAM Role: thesis
2025-04-08 10:59:07,038 - INFO - Read 1,152,000 rows from folder RAISE1SEC_PUBLIC_DVD_BIDPEROFFER2_202401010000.parquet.
2025-04-08 10:59:07,039 - INFO - Processing 1152000 rows in 3 chunks of 500000 rows each
2025-04-08 10:59:07,207 - INFO - Processing chunk 1/3 with 500000 rows
2025-04-08 10:59:07,785 - INFO - Found credentials from IAM Role: thesis
2025-04-08 10:59:09,620 - INFO - ✓ Chunk 1/3 saved to s3://thesis--ec331-s3/enriched-volume-bids/RAISE1SEC_PUBLIC_DVD_BIDPEROFFER2_202401010000.parquet/enriched_volume_bids_20250408_105907_chunk1of3.parquet in 1.85 seconds
2025-04-08 10:59:09,870 - INFO - Memory usage after processing chunk 1: 8.19 GB
2025-04-08 10:59:10,027 - INFO - Processing chunk 2/3 with 500000 rows
2025-04-08 10:59:10,579 - INFO - Found credentials from IAM Role: thesis
2025-04-08 10:59:12,520 - INFO - ✓ Chunk 2/3 saved to s3://thesis--ec331-s3/enriched-volume-bids/RAISE1SEC_PUBLIC_DVD_BIDPEROFFER2_202401010000.parquet/enriched_volume_bids_20250408_105907_chunk2of3.parquet in 1.96 seconds
2025-04-08 10:59:12,731 - INFO - Memory usage after processing chunk 2: 8.20 GB
2025-04-08 10:59:12,775 - INFO - Processing chunk 3/3 with 152000 rows
2025-04-08 10:59:12,933 - INFO - Found credentials from IAM Role: thesis
2025-04-08 10:59:13,690 - INFO - ✓ Chunk 3/3 saved to s3://thesis--ec331-s3/enriched-volume-bids/RAISE1SEC_PUBLIC_DVD_BIDPEROFFER2_202401010000.parquet/enriched_volume_bids_20250408_105907_chunk3of3.parquet in 0.78 seconds
2025-04-08 10:59:13,855 - INFO - Memory usage after processing chunk 3: 8.18 GB
2025-04-08 10:59:14,005 - INFO - Completed processing folder RAISE1SEC_PUBLIC_DVD_BIDPEROFFER2_202401010000.parquet
2025-04-08 10:59:14,006 - INFO - Processing folder: RAISE1SEC_PUBLIC_DVD_BIDPEROFFER2_202402010000.parquet
2025-04-08 10:59:14,025 - INFO - Found credentials from IAM Role: thesis
2025-04-08 10:59:14,299 - INFO - Found credentials from IAM Role: thesis
2025-04-08 10:59:15,710 - INFO - Read 1,097,280 rows from folder RAISE1SEC_PUBLIC_DVD_BIDPEROFFER2_202402010000.parquet.
2025-04-08 10:59:15,711 - INFO - Processing 1097280 rows in 3 chunks of 500000 rows each
2025-04-08 10:59:15,898 - INFO - Processing chunk 1/3 with 500000 rows
2025-04-08 10:59:16,515 - INFO - Found credentials from IAM Role: thesis
2025-04-08 10:59:18,436 - INFO - ✓ Chunk 1/3 saved to s3://thesis--ec331-s3/enriched-volume-bids/RAISE1SEC_PUBLIC_DVD_BIDPEROFFER2_202402010000.parquet/enriched_volume_bids_20250408_105915_chunk1of3.parquet in 1.94 seconds
2025-04-08 10:59:18,687 - INFO - Memory usage after processing chunk 1: 8.23 GB
2025-04-08 10:59:18,872 - INFO - Processing chunk 2/3 with 500000 rows
2025-04-08 10:59:19,488 - INFO - Found credentials from IAM Role: thesis
2025-04-08 10:59:21,382 - INFO - ✓ Chunk 2/3 saved to s3://thesis--ec331-s3/enriched-volume-bids/RAISE1SEC_PUBLIC_DVD_BIDPEROFFER2_202402010000.parquet/enriched_volume_bids_20250408_105915_chunk2of3.parquet in 1.91 seconds
2025-04-08 10:59:21,605 - INFO - Memory usage after processing chunk 2: 8.06 GB
2025-04-08 10:59:21,636 - INFO - Processing chunk 3/3 with 97280 rows
2025-04-08 10:59:21,751 - INFO - Found credentials from IAM Role: thesis
2025-04-08 10:59:22,347 - INFO - ✓ Chunk 3/3 saved to s3://thesis--ec331-s3/enriched-volume-bids/RAISE1SEC_PUBLIC_DVD_BIDPEROFFER2_202402010000.parquet/enriched_volume_bids_20250408_105915_chunk3of3.parquet in 0.61 seconds
2025-04-08 10:59:22,508 - INFO - Memory usage after processing chunk 3: 8.02 GB
2025-04-08 10:59:22,677 - INFO - Completed processing folder RAISE1SEC_PUBLIC_DVD_BIDPEROFFER2_202402010000.parquet
2025-04-08 10:59:22,678 - INFO - Processing folder: RAISE1SEC_PUBLIC_DVD_BIDPEROFFER2_202403010000.parquet
2025-04-08 10:59:22,696 - INFO - Found credentials from IAM Role: thesis
2025-04-08 10:59:22,970 - INFO - Found credentials from IAM Role: thesis
2025-04-08 10:59:24,592 - INFO - Read 1,298,880 rows from folder RAISE1SEC_PUBLIC_DVD_BIDPEROFFER2_202403010000.parquet.
2025-04-08 10:59:24,593 - INFO - Processing 1298880 rows in 3 chunks of 500000 rows each
2025-04-08 10:59:24,807 - INFO - Processing chunk 1/3 with 500000 rows
2025-04-08 10:59:25,443 - INFO - Found credentials from IAM Role: thesis
2025-04-08 10:59:27,353 - INFO - ✓ Chunk 1/3 saved to s3://thesis--ec331-s3/enriched-volume-bids/RAISE1SEC_PUBLIC_DVD_BIDPEROFFER2_202403010000.parquet/enriched_volume_bids_20250408_105924_chunk1of3.parquet in 1.93 seconds
2025-04-08 10:59:27,610 - INFO - Memory usage after processing chunk 1: 8.16 GB
2025-04-08 10:59:27,797 - INFO - Processing chunk 2/3 with 500000 rows
2025-04-08 10:59:28,414 - INFO - Found credentials from IAM Role: thesis
2025-04-08 10:59:30,282 - INFO - ✓ Chunk 2/3 saved to s3://thesis--ec331-s3/enriched-volume-bids/RAISE1SEC_PUBLIC_DVD_BIDPEROFFER2_202403010000.parquet/enriched_volume_bids_20250408_105924_chunk2of3.parquet in 1.89 seconds
2025-04-08 10:59:30,507 - INFO - Memory usage after processing chunk 2: 8.12 GB
2025-04-08 10:59:30,612 - INFO - Processing chunk 3/3 with 298880 rows
2025-04-08 10:59:30,984 - INFO - Found credentials from IAM Role: thesis
2025-04-08 10:59:32,221 - INFO - ✓ Chunk 3/3 saved to s3://thesis--ec331-s3/enriched-volume-bids/RAISE1SEC_PUBLIC_DVD_BIDPEROFFER2_202403010000.parquet/enriched_volume_bids_20250408_105924_chunk3of3.parquet in 1.25 seconds
2025-04-08 10:59:32,416 - INFO - Memory usage after processing chunk 3: 8.06 GB
2025-04-08 10:59:32,602 - INFO - Completed processing folder RAISE1SEC_PUBLIC_DVD_BIDPEROFFER2_202403010000.parquet
2025-04-08 10:59:32,603 - INFO - Processing folder: RAISE1SEC_PUBLIC_DVD_BIDPEROFFER2_202404010000.parquet
2025-04-08 10:59:32,621 - INFO - Found credentials from IAM Role: thesis
2025-04-08 10:59:32,895 - INFO - Found credentials from IAM Role: thesis
2025-04-08 10:59:34,747 - INFO - Read 1,514,880 rows from folder RAISE1SEC_PUBLIC_DVD_BIDPEROFFER2_202404010000.parquet.
2025-04-08 10:59:34,748 - INFO - Processing 1514880 rows in 4 chunks of 500000 rows each
2025-04-08 10:59:34,966 - INFO - Processing chunk 1/4 with 500000 rows
2025-04-08 10:59:35,600 - INFO - Found credentials from IAM Role: thesis
2025-04-08 10:59:37,541 - INFO - ✓ Chunk 1/4 saved to s3://thesis--ec331-s3/enriched-volume-bids/RAISE1SEC_PUBLIC_DVD_BIDPEROFFER2_202404010000.parquet/enriched_volume_bids_20250408_105934_chunk1of4.parquet in 1.96 seconds
2025-04-08 10:59:37,798 - INFO - Memory usage after processing chunk 1: 8.25 GB
2025-04-08 10:59:37,984 - INFO - Processing chunk 2/4 with 500000 rows
2025-04-08 10:59:38,596 - INFO - Found credentials from IAM Role: thesis
2025-04-08 10:59:40,516 - INFO - ✓ Chunk 2/4 saved to s3://thesis--ec331-s3/enriched-volume-bids/RAISE1SEC_PUBLIC_DVD_BIDPEROFFER2_202404010000.parquet/enriched_volume_bids_20250408_105934_chunk2of4.parquet in 1.94 seconds
2025-04-08 10:59:40,734 - INFO - Memory usage after processing chunk 2: 8.36 GB
2025-04-08 10:59:40,918 - INFO - Processing chunk 3/4 with 500000 rows
2025-04-08 10:59:41,532 - INFO - Found credentials from IAM Role: thesis
2025-04-08 10:59:43,442 - INFO - ✓ Chunk 3/4 saved to s3://thesis--ec331-s3/enriched-volume-bids/RAISE1SEC_PUBLIC_DVD_BIDPEROFFER2_202404010000.parquet/enriched_volume_bids_20250408_105934_chunk3of4.parquet in 1.93 seconds
2025-04-08 10:59:43,665 - INFO - Memory usage after processing chunk 3: 8.16 GB
2025-04-08 10:59:43,673 - INFO - Processing chunk 4/4 with 14880 rows
2025-04-08 10:59:43,708 - INFO - Found credentials from IAM Role: thesis
2025-04-08 10:59:44,049 - INFO - ✓ Chunk 4/4 saved to s3://thesis--ec331-s3/enriched-volume-bids/RAISE1SEC_PUBLIC_DVD_BIDPEROFFER2_202404010000.parquet/enriched_volume_bids_20250408_105934_chunk4of4.parquet in 0.36 seconds
2025-04-08 10:59:44,200 - INFO - Memory usage after processing chunk 4: 8.14 GB
2025-04-08 10:59:44,404 - INFO - Completed processing folder RAISE1SEC_PUBLIC_DVD_BIDPEROFFER2_202404010000.parquet
2025-04-08 10:59:44,405 - INFO - Processing folder: RAISE1SEC_PUBLIC_DVD_BIDPEROFFER2_202405010000.parquet
2025-04-08 10:59:44,423 - INFO - Found credentials from IAM Role: thesis
2025-04-08 10:59:44,705 - INFO - Found credentials from IAM Role: thesis
2025-04-08 10:59:46,898 - INFO - Read 1,776,960 rows from folder RAISE1SEC_PUBLIC_DVD_BIDPEROFFER2_202405010000.parquet.
2025-04-08 10:59:46,899 - INFO - Processing 1776960 rows in 4 chunks of 500000 rows each
2025-04-08 10:59:47,124 - INFO - Processing chunk 1/4 with 500000 rows
2025-04-08 10:59:47,772 - INFO - Found credentials from IAM Role: thesis
2025-04-08 10:59:49,745 - INFO - ✓ Chunk 1/4 saved to s3://thesis--ec331-s3/enriched-volume-bids/RAISE1SEC_PUBLIC_DVD_BIDPEROFFER2_202405010000.parquet/enriched_volume_bids_20250408_105946_chunk1of4.parquet in 1.99 seconds
2025-04-08 10:59:50,007 - INFO - Memory usage after processing chunk 1: 8.31 GB
2025-04-08 10:59:50,222 - INFO - Processing chunk 2/4 with 500000 rows
2025-04-08 10:59:50,836 - INFO - Found credentials from IAM Role: thesis
2025-04-08 10:59:52,825 - INFO - ✓ Chunk 2/4 saved to s3://thesis--ec331-s3/enriched-volume-bids/RAISE1SEC_PUBLIC_DVD_BIDPEROFFER2_202405010000.parquet/enriched_volume_bids_20250408_105946_chunk2of4.parquet in 2.01 seconds
2025-04-08 10:59:53,053 - INFO - Memory usage after processing chunk 2: 8.27 GB
2025-04-08 10:59:53,278 - INFO - Processing chunk 3/4 with 500000 rows
2025-04-08 10:59:53,889 - INFO - Found credentials from IAM Role: thesis
2025-04-08 10:59:55,834 - INFO - ✓ Chunk 3/4 saved to s3://thesis--ec331-s3/enriched-volume-bids/RAISE1SEC_PUBLIC_DVD_BIDPEROFFER2_202405010000.parquet/enriched_volume_bids_20250408_105946_chunk3of4.parquet in 1.96 seconds
2025-04-08 10:59:56,059 - INFO - Memory usage after processing chunk 3: 8.35 GB
2025-04-08 10:59:56,169 - INFO - Processing chunk 4/4 with 276960 rows
2025-04-08 10:59:56,505 - INFO - Found credentials from IAM Role: thesis
2025-04-08 10:59:57,724 - INFO - ✓ Chunk 4/4 saved to s3://thesis--ec331-s3/enriched-volume-bids/RAISE1SEC_PUBLIC_DVD_BIDPEROFFER2_202405010000.parquet/enriched_volume_bids_20250408_105946_chunk4of4.parquet in 1.24 seconds
2025-04-08 10:59:57,915 - INFO - Memory usage after processing chunk 4: 8.41 GB
2025-04-08 10:59:58,157 - INFO - Completed processing folder RAISE1SEC_PUBLIC_DVD_BIDPEROFFER2_202405010000.parquet
2025-04-08 10:59:58,158 - INFO - Processing folder: RAISE1SEC_PUBLIC_DVD_BIDPEROFFER2_202406010000.parquet
2025-04-08 10:59:58,175 - INFO - Found credentials from IAM Role: thesis
2025-04-08 10:59:58,448 - INFO - Found credentials from IAM Role: thesis
2025-04-08 11:00:00,653 - INFO - Read 1,823,040 rows from folder RAISE1SEC_PUBLIC_DVD_BIDPEROFFER2_202406010000.parquet.
2025-04-08 11:00:00,654 - INFO - Processing 1823040 rows in 4 chunks of 500000 rows each
2025-04-08 11:00:00,889 - INFO - Processing chunk 1/4 with 500000 rows
2025-04-08 11:00:01,528 - INFO - Found credentials from IAM Role: thesis
2025-04-08 11:00:03,502 - INFO - ✓ Chunk 1/4 saved to s3://thesis--ec331-s3/enriched-volume-bids/RAISE1SEC_PUBLIC_DVD_BIDPEROFFER2_202406010000.parquet/enriched_volume_bids_20250408_110000_chunk1of4.parquet in 1.99 seconds
2025-04-08 11:00:03,762 - INFO - Memory usage after processing chunk 1: 8.63 GB
2025-04-08 11:00:03,986 - INFO - Processing chunk 2/4 with 500000 rows
2025-04-08 11:00:04,600 - INFO - Found credentials from IAM Role: thesis
2025-04-08 11:00:06,553 - INFO - ✓ Chunk 2/4 saved to s3://thesis--ec331-s3/enriched-volume-bids/RAISE1SEC_PUBLIC_DVD_BIDPEROFFER2_202406010000.parquet/enriched_volume_bids_20250408_110000_chunk2of4.parquet in 1.97 seconds
2025-04-08 11:00:06,781 - INFO - Memory usage after processing chunk 2: 8.60 GB
2025-04-08 11:00:07,005 - INFO - Processing chunk 3/4 with 500000 rows
2025-04-08 11:00:07,619 - INFO - Found credentials from IAM Role: thesis
2025-04-08 11:00:09,560 - INFO - ✓ Chunk 3/4 saved to s3://thesis--ec331-s3/enriched-volume-bids/RAISE1SEC_PUBLIC_DVD_BIDPEROFFER2_202406010000.parquet/enriched_volume_bids_20250408_110000_chunk3of4.parquet in 1.96 seconds
2025-04-08 11:00:09,788 - INFO - Memory usage after processing chunk 3: 8.48 GB
2025-04-08 11:00:09,924 - INFO - Processing chunk 4/4 with 323040 rows
2025-04-08 11:00:10,325 - INFO - Found credentials from IAM Role: thesis
2025-04-08 11:00:11,695 - INFO - ✓ Chunk 4/4 saved to s3://thesis--ec331-s3/enriched-volume-bids/RAISE1SEC_PUBLIC_DVD_BIDPEROFFER2_202406010000.parquet/enriched_volume_bids_20250408_110000_chunk4of4.parquet in 1.39 seconds
2025-04-08 11:00:11,888 - INFO - Memory usage after processing chunk 4: 8.43 GB
2025-04-08 11:00:12,132 - INFO - Completed processing folder RAISE1SEC_PUBLIC_DVD_BIDPEROFFER2_202406010000.parquet
2025-04-08 11:00:12,133 - INFO - Processing folder: RAISE1SEC_PUBLIC_DVD_BIDPEROFFER2_202407010000.parquet
2025-04-08 11:00:12,151 - INFO - Found credentials from IAM Role: thesis
2025-04-08 11:00:12,419 - INFO - Found credentials from IAM Role: thesis
2025-04-08 11:00:15,083 - INFO - Read 2,208,960 rows from folder RAISE1SEC_PUBLIC_DVD_BIDPEROFFER2_202407010000.parquet.
2025-04-08 11:00:15,084 - INFO - Processing 2208960 rows in 5 chunks of 500000 rows each
2025-04-08 11:00:15,295 - INFO - Processing chunk 1/5 with 500000 rows
2025-04-08 11:00:15,927 - INFO - Found credentials from IAM Role: thesis
2025-04-08 11:00:17,996 - INFO - ✓ Chunk 1/5 saved to s3://thesis--ec331-s3/enriched-volume-bids/RAISE1SEC_PUBLIC_DVD_BIDPEROFFER2_202407010000.parquet/enriched_volume_bids_20250408_110015_chunk1of5.parquet in 2.09 seconds
2025-04-08 11:00:18,255 - INFO - Memory usage after processing chunk 1: 8.50 GB
2025-04-08 11:00:18,461 - INFO - Processing chunk 2/5 with 500000 rows
2025-04-08 11:00:19,074 - INFO - Found credentials from IAM Role: thesis
2025-04-08 11:00:21,075 - INFO - ✓ Chunk 2/5 saved to s3://thesis--ec331-s3/enriched-volume-bids/RAISE1SEC_PUBLIC_DVD_BIDPEROFFER2_202407010000.parquet/enriched_volume_bids_20250408_110015_chunk2of5.parquet in 2.02 seconds
2025-04-08 11:00:21,299 - INFO - Memory usage after processing chunk 2: 8.52 GB
2025-04-08 11:00:21,502 - INFO - Processing chunk 3/5 with 500000 rows
2025-04-08 11:00:22,118 - INFO - Found credentials from IAM Role: thesis
2025-04-08 11:00:24,124 - INFO - ✓ Chunk 3/5 saved to s3://thesis--ec331-s3/enriched-volume-bids/RAISE1SEC_PUBLIC_DVD_BIDPEROFFER2_202407010000.parquet/enriched_volume_bids_20250408_110015_chunk3of5.parquet in 2.03 seconds
2025-04-08 11:00:24,352 - INFO - Memory usage after processing chunk 3: 8.61 GB
2025-04-08 11:00:24,556 - INFO - Processing chunk 4/5 with 500000 rows
2025-04-08 11:00:25,167 - INFO - Found credentials from IAM Role: thesis
2025-04-08 11:00:27,195 - INFO - ✓ Chunk 4/5 saved to s3://thesis--ec331-s3/enriched-volume-bids/RAISE1SEC_PUBLIC_DVD_BIDPEROFFER2_202407010000.parquet/enriched_volume_bids_20250408_110015_chunk4of5.parquet in 2.05 seconds
2025-04-08 11:00:27,417 - INFO - Memory usage after processing chunk 4: 8.65 GB
2025-04-08 11:00:27,494 - INFO - Processing chunk 5/5 with 208960 rows
2025-04-08 11:00:27,753 - INFO - Found credentials from IAM Role: thesis
2025-04-08 11:00:28,796 - INFO - ✓ Chunk 5/5 saved to s3://thesis--ec331-s3/enriched-volume-bids/RAISE1SEC_PUBLIC_DVD_BIDPEROFFER2_202407010000.parquet/enriched_volume_bids_20250408_110015_chunk5of5.parquet in 1.06 seconds
2025-04-08 11:00:28,975 - INFO - Memory usage after processing chunk 5: 8.65 GB
2025-04-08 11:00:29,257 - INFO - Completed processing folder RAISE1SEC_PUBLIC_DVD_BIDPEROFFER2_202407010000.parquet
2025-04-08 11:00:29,258 - INFO - 🏁 Finished batch enrichment process for volume bids.
